[www.bizvelocity.biz/index.html]
[backblue.gif]
[fade.gif]
[index.html]
[www.bizvelocity.biz/index.html]
[www.bizvelocity.biz/wordpress/index.html]
[www.bizvelocity.biz/wordpress/index.html]
[www.bizvelocity.biz/wordpress/home-en/index.html]
[p.jwpcdn.com/index.html]
[www.bizvelocity.biz/wordpress/en/feed/index.html]
[www.bizvelocity.biz/wordpress/home-en/feed/index.html]
[www.bizvelocity.biz/wordpress/en/comments/feed/index.html]
[p.jwpcdn.com/6/12/jwplayerc721.js]
[www.bizvelocity.biz/wordpress/wp-json/index.html]
[www.bizvelocity.biz/wordpress/wp-json/oembed/1.0/embed2a53.json]
[www.bizvelocity.biz/wordpress/wp-json/oembed/1.0/embedc036]
[www.bizvelocity.biz/wordpress/wp-content/uploads/favicon.ico]
[www.bizvelocity.biz/wordpress/wp-content/uploads/cropped-clover.icon-1-32x32.png]
[www.bizvelocity.biz/wordpress/wp-content/uploads/cropped-clover.icon-1-192x192.png]
[www.bizvelocity.biz/wordpress/wp-content/uploads/cropped-clover.icon-1-180x180.png]
[www.bizvelocity.biz/wordpress/home-th/index.html]
[www.bizvelocity.biz/wordpress/home-zh/index.html]
[www.bizvelocity.biz/wordpress/home-en.1d.delayed]
[www.bizvelocity.biz/wordpress/wp-content/uploads/BizVelocity-logo-4.png]
[www.bizvelocity.biz/wordpress/wp-content/uploads/multiLang_445x273.jpg]
[www.bizvelocity.biz/wordpress/solutions-en/index.html]
[www.bizvelocity.biz/wordpress/solutions-en/bizstandard-en/index.html]
[www.bizvelocity.biz/wordpress/solutions-en/bizproduction-en/index.html]
[www.bizvelocity.biz/wordpress/solutions-en/bizpos-en/index.html]
[www.bizvelocity.biz/wordpress/contact-us-th.20.delayed]
[www.bizvelocity.biz/wordpress/solutions-en/bizservice-en/index.html]
[www.bizvelocity.biz/wordpress/wp-content/uploads/costAnalysis_445x273.jpg]
[www.bizvelocity.biz/wordpress/industry-en/index.html]
[www.bizvelocity.biz/wordpress/wp-content/uploads/collaboration_445x273.jpg]
[www.bizvelocity.biz/wordpress/solutions-en/bizquality-en/index.html]
[www.bizvelocity.biz/wordpress/wp-content/uploads/productionPlanning_445x273.jpg]
[www.bizvelocity.biz/wordpress/wp-content/uploads/salesAnalysis_445x273.jpg]
[www.bizvelocity.biz/wordpress/wp-content/uploads/anywhereAnytime_445x273.jpg]
[www.bizvelocity.biz/wordpress/wp-content/uploads/qualityManagement_445x273.jpg]
[www.bizvelocity.biz/wordpress/industry-en/foods-beverage-en/index.html]
[www.bizvelocity.biz/wordpress/wp-content/uploads/cloudReady_445x273.jpg]
[www.bizvelocity.biz/wordpress/wp-content/uploads/spaStillLife.jpg]
[www.bizvelocity.biz/wordpress/wp-content/uploads/celebrating-success.jpg]
[www.bizvelocity.biz/wordpress/wp-content/uploads/13613199-computer-keyboard-e-learning-concept.jpg]
[www.bizvelocity.biz/wordpress/wp-content/uploads/howMayIHelpYou.jpg]
[www.bizvelocity.biz/wordpress/wp-content/uploads/worakorn_jakpetch.jpg]
[www.bizvelocity.biz/wordpress/wp-content/uploads/taweesakSalom-150x150.png]
[www.bizvelocity.biz/wordpress/wp-content/uploads/2012/11/ei-150x150.png]
[www.bizvelocity.biz/wordpress/wp-content/uploads/2012/11/sarc-150x150.png]
[www.bizvelocity.biz/wordpress/wp-content/uploads/2012/11/bunjerd-150x150.png]
[www.bizvelocity.biz/wordpress/wp-content/uploads/2012/11/eiLogo.gif]
[www.bizvelocity.biz/wordpress/wp-content/uploads/นิวแสงชัย.32.delayed]
[www.bizvelocity.biz/wordpress/industry-en/construction-en/index.html]
[www.bizvelocity.biz/wordpress/industry-en/metal-processing-en/index.html]
[www.bizvelocity.biz/wordpress/industry-en/electronics-en/index.html]
[www.bizvelocity.biz/wordpress/wp-content/uploads/เนสโค.33.delayed]
[www.bizvelocity.biz/wordpress/industry-en/wholesale-retail-en/index.html]
[www.bizvelocity.biz/wordpress/wp-content/uploads/dealmaker65.jpg]
[www.bizvelocity.biz/wordpress/testimonial-en/index.html]
[www.bizvelocity.biz/wordpress/faq-en/index.html]
[www.bizvelocity.biz/wordpress/wp-content/uploads/cpk65.jpg]
[www.bizvelocity.biz/wordpress/blog/index.html]
[www.bizvelocity.biz/wordpress/contact-us-en/index.html]
[www.bizvelocity.biz/wordpress/wp-content/uploads/aeonMed65.png]
[www.bizvelocity.biz/wordpress/wp-content/uploads/ledlighting.png]
[www.bizvelocity.biz/wordpress/contact-us-th/index.html]
[www.bizvelocity.biz/wordpress/wp-content/uploads/logo-pj2.png]
[www.bizvelocity.biz/wordpress/total-solution-for-smes-by-dbd/index.html]
[www.bizvelocity.biz/wordpress/in-house-training-201902/index.html]
[www.bizvelocity.biz/wordpress/wp-content/uploads/intechLogo.jpg]
[www.bizvelocity.biz/wordpress/wp-content/uploads/logo-tan-and-sons.gif]
[www.bizvelocity.biz/wordpress/wp-content/uploads/-e1427652015552.jpg]
[www.bizvelocity.biz/wordpress/wp-content/uploads/IFQ03-e1364245252541.jpg]
[connect.facebook.net/th_TH/sdk/xfbml.customerchat.js]
[www.bizvelocity.biz/wordpress/home-en/index.html]
[www.bizvelocity.biz/wordpress/xmlrpc.php]
[p.jwpcdn.com/index.html]
[s.w.org/index.html]
[www.bizvelocity.biz/wordpress/wp-json/oembed/1.0/embed0f64.json]
[www.bizvelocity.biz/wordpress/wp-json/oembed/1.0/embed0650]
[www.bizvelocity.biz/wordpress/home-th/feed/index.html]
[www.bizvelocity.biz/wordpress/th/comments/feed/index.html]
[www.bizvelocity.biz/wordpress/th/feed/index.html]
[www.bizvelocity.biz/wordpress/home-th.4b.delayed]
[www.bizvelocity.biz/wordpress/wp-content/uploads/p051-055_FTI-SC-LED-Lighting.pdf]
[www.bizvelocity.biz/wordpress/wp-content/uploads/eWorld-SARC.pdf]
[www.bizvelocity.biz/wordpress/solutions-th/index.html]
[www.bizvelocity.biz/wordpress/home-th/index.html]
[www.bizvelocity.biz/wordpress/solutions-th/bizstandard-th/index.html]
[www.bizvelocity.biz/wordpress/solutions-th/bizpos-th/index.html]
[www.bizvelocity.biz/wordpress/wp-json/oembed/1.0/embedf601.json]
[www.bizvelocity.biz/wordpress/solutions-th/bizproduction-th/index.html]
[www.bizvelocity.biz/wordpress/solutions-th/bizquality-th/index.html]
[www.bizvelocity.biz/wordpress/wp-json/oembed/1.0/embedc0d7]
[www.bizvelocity.biz/wordpress/solutions-th/bizservice-th/index.html]
[www.bizvelocity.biz/wordpress/home-zh.50.delayed]
[www.bizvelocity.biz/wordpress/industry-th/index.html]
[www.bizvelocity.biz/wordpress/industry-th/foods-beverage-th/index.html]
[www.bizvelocity.biz/wordpress/industry-th/metal-processing-th/index.html]
[www.bizvelocity.biz/wordpress/contact-us-zh.51.delayed]
[www.bizvelocity.biz/wordpress/industry-th/electronics-th/index.html]
[www.bizvelocity.biz/wordpress/industry-th/construction-th/index.html]
[www.bizvelocity.biz/wordpress/industry-th/wholesale-retail-th/index.html]
[www.bizvelocity.biz/wordpress/industry-th/livestock-th/index.html]
[www.bizvelocity.biz/wordpress/testimonials-th/index.html]
[www.bizvelocity.biz/wordpress/faq-th/index.html]
[www.bizvelocity.biz/wordpress/blog-th/index.html]
[www.bizvelocity.biz/wordpress/home-zh/index.html]
[www.bizvelocity.biz/wordpress/bizuniversity-th/index.html]
[www.bizvelocity.biz/wordpress/forums/forum/idea-exchange/index.html]
[fonts.googleapis.com/csse950.css]
[www.bizvelocity.biz/wordpress/book-scaling-up/index.html]
[fonts.googleapis.com/css8b9d.css]
[www.bizvelocity.biz/wordpress/อบรม-bizvelocity-รอบ-201902/index.html]
[www.bizvelocity.biz/wordpress/zh/feed/index.html]
[www.bizvelocity.biz/wordpress/wp-json/oembed/1.0/embedcaa1.json]
[www.bizvelocity.biz/wordpress/zh/comments/feed/index.html]
[www.bizvelocity.biz/wordpress/home-zh/feed/index.html]
[www.bizvelocity.biz/wordpress/wp-json/oembed/1.0/embeded06]
[www.bizvelocity.biz/wordpress/solutions-zh/index.html]
[www.bizvelocity.biz/wordpress/solutions-zh/bizstandard-zh/index.html]
[www.bizvelocity.biz/wordpress/solutions-zh/bizproduction-zh/index.html]
[www.bizvelocity.biz/wordpress/solutions-zh/bizservice-zh/index.html]
[bizvelocity.biz/wordpress/wp-content/uploads/2013/01/modules.png]
[www.bizvelocity.biz/wordpress/solutions-zh/bizquality-zh/index.html]
[www.bizvelocity.biz/wordpress/solutions-en/index.html]
[www.bizvelocity.biz/wordpress/solutions-zh/bizpos-zh/index.html]
[www.bizvelocity.biz/wordpress/wp-json/oembed/1.0/embedc2e4.json]
[www.bizvelocity.biz/wordpress/wp-json/oembed/1.0/embed6566]
[www.bizvelocity.biz/wordpress/industry-zh/index.html]
[www.bizvelocity.biz/wordpress/industry-zh/foods-beverage-zh/index.html]
[www.bizvelocity.biz/wordpress/solutions-en/bizstandard-en/index.html]
[www.bizvelocity.biz/wordpress/industry-zh/metal-processing-zh/index.html]
[www.bizvelocity.biz/wordpress/industry-zh/electronics-zh/index.html]
[www.bizvelocity.biz/wordpress/wp-json/oembed/1.0/embed3f20.json]
[www.bizvelocity.biz/wordpress/industry-zh/construction-zh/index.html]
[www.bizvelocity.biz/wordpress/wp-json/oembed/1.0/embed5ab2]
[www.bizvelocity.biz/wordpress/testimonials-zh/index.html]
[www.bizvelocity.biz/wordpress/industry-zh/wholesale-retail-zh/index.html]
[www.bizvelocity.biz/wordpress/faq-zh/index.html]
[www.bizvelocity.biz/wordpress/blog-zh/index.html]
[www.bizvelocity.biz/wordpress/wp-content/uploads/15501876-industrial-worker.jpg]
[www.bizvelocity.biz/wordpress/contact-us-zh/index.html]
[www.bizvelocity.biz/wordpress/solutions-en/bizproduction-en/index.html]
[www.bizvelocity.biz/wordpress/solutions-en/feed/index.html]
[www.bizvelocity.biz/wordpress/index5355.html]
[www.bizvelocity.biz/wordpress/solutions-en/bizstandard-en/feed/index.html]
[www.bizvelocity.biz/wordpress/wp-json/oembed/1.0/embedb536.json]
[www.bizvelocity.biz/wordpress/index1639.html]
[www.bizvelocity.biz/wordpress/solutions-en/bizproduction-en/feed/index.html]
[www.bizvelocity.biz/wordpress/index5294.html]
[www.bizvelocity.biz/wordpress/solutions-en/bizpos-en/index.html]
[www.bizvelocity.biz/wordpress/wp-json/oembed/1.0/embedd382]
[www.bizvelocity.biz/wordpress/solutions-en/bizpos-en/feed/index.html]
[www.bizvelocity.biz/wordpress/index221f.html]
[www.bizvelocity.biz/wordpress/wp-json/oembed/1.0/embedbe08.json]
[www.bizvelocity.biz/wordpress/solutions-en/bizservice-en/feed/index.html]
[www.bizvelocity.biz/wordpress/indexf6a9.html]
[www.bizvelocity.biz/wordpress/solutions-en/bizservice-en/index.html]
[www.bizvelocity.biz/wordpress/wp-json/oembed/1.0/embedace8]
[www.bizvelocity.biz/wordpress/index80a3.html]
[www.bizvelocity.biz/wordpress/solutions-en/bizquality-en/feed/index.html]
[www.bizvelocity.biz/wordpress/wp-json/oembed/1.0/embed2a8a.json]
[www.bizvelocity.biz/wordpress/wp-json/oembed/1.0/embed0848]
[www.bizvelocity.biz/wordpress/solutions-en/bizquality-en/index.html]
[www.bizvelocity.biz/wordpress/wp-content/uploads/16013936-quality-controller-checking-quality.jpg]
[www.bizvelocity.biz/wordpress/industry-en/feed/index.html]
[www.bizvelocity.biz/wordpress/wp-json/oembed/1.0/embed42ee.json]
[www.bizvelocity.biz/wordpress/index2915.html]
[www.bizvelocity.biz/wordpress/industry-en/index.html]
[www.bizvelocity.biz/wordpress/wp-json/oembed/1.0/embed6021]
[www.bizvelocity.biz/wordpress/wp-json/oembed/1.0/embed2e77.json]
[www.bizvelocity.biz/wordpress/industry-en/foods-beverage-en/feed/index.html]
[www.bizvelocity.biz/wordpress/index4efb.html]
[www.bizvelocity.biz/wordpress/industry-th/estate-th/index.html]
[www.bizvelocity.biz/wordpress/wp-json/oembed/1.0/embed59a7]
[www.bizvelocity.biz/wordpress/industry-en/foods-beverage-en/index.html]
[www.bizvelocity.biz/wordpress/wp-content/uploads/foods_beverage.jpg]
[www.bizvelocity.biz/wordpress/industry-en/metal-processing-en/feed/index.html]
[www.bizvelocity.biz/wordpress/index5604.html]
[www.bizvelocity.biz/wordpress/wp-json/oembed/1.0/embedabb5.json]
[www.bizvelocity.biz/wordpress/wp-json/oembed/1.0/embedd481]
[www.bizvelocity.biz/wordpress/industry-en/metal-processing-en/index.html]
[www.bizvelocity.biz/wordpress/wp-content/uploads/metal_400x1001.jpg]
[www.bizvelocity.biz/wordpress/indexbdfa.html]
[www.bizvelocity.biz/wordpress/wp-json/oembed/1.0/embedfc54.json]
[www.bizvelocity.biz/wordpress/industry-en/construction-en/feed/index.html]
[www.bizvelocity.biz/wordpress/wp-json/oembed/1.0/embed93f5]
[www.bizvelocity.biz/wordpress/industry-en/construction-en/index.html]
[www.bizvelocity.biz/wordpress/wp-content/uploads/construction_400x100.jpg]
[www.bizvelocity.biz/wordpress/wp-json/oembed/1.0/embedb538.json]
[www.bizvelocity.biz/wordpress/industry-en/electronics-en/feed/index.html]
[www.bizvelocity.biz/wordpress/index2202.html]
[www.bizvelocity.biz/wordpress/wp-json/oembed/1.0/embed98df]
[www.bizvelocity.biz/wordpress/industry-en/electronics-en/index.html]
[www.bizvelocity.biz/wordpress/wp-content/uploads/electronics_400x100.jpg]
[www.bizvelocity.biz/wordpress/industry-en/wholesale-retail-en/feed/index.html]
[www.bizvelocity.biz/wordpress/index8a7d.html]
[www.bizvelocity.biz/wordpress/wp-json/oembed/1.0/embed6506.json]
[www.bizvelocity.biz/wordpress/wp-json/oembed/1.0/embed3dbe]
[www.bizvelocity.biz/wordpress/industry-en/wholesale-retail-en/index.html]
[www.bizvelocity.biz/wordpress/wp-content/uploads/wholesaler-retailer_400x100.jpg]
[www.bizvelocity.biz/wordpress/testimonial-en/feed/index.html]
[www.bizvelocity.biz/wordpress/index01a6.html]
[www.bizvelocity.biz/wordpress/wp-json/oembed/1.0/embedf80a.json]
[www.bizvelocity.biz/wordpress/wp-json/oembed/1.0/embed65a5]
[www.bizvelocity.biz/wordpress/wp-content/uploads/index.html]
[www.bizvelocity.biz/wordpress/wp-content/themes/Sterling/framework/extended/timthumb/timthumbbebf.png]
[www.bizvelocity.biz/wordpress/testimonial-en/index.html]
[www.bizvelocity.biz/wordpress/wp-content/themes/Sterling/framework/extended/timthumb/timthumbbe2b.png]
[www.bizvelocity.biz/wordpress/faq-en/feed/index.html]
[www.bizvelocity.biz/wordpress/wp-json/oembed/1.0/embed.96776d.delayed]
[www.bizvelocity.biz/wordpress/index1c75.html]
[www.bizvelocity.biz/wordpress/wp-json/oembed/1.0/embeda424]
[www.bizvelocity.biz/wordpress/wp-content/uploads/faq-banner-crop.png]
[www.bizvelocity.biz/wordpress/faq-en/index.html]
[www.bizvelocity.biz/wordpress/wp-content/uploads/IMG_20190226_161322-1-1024x768.jpg]
[www.bizvelocity.biz/wordpress/wp-content/themes/Sterling/css/index.html]
[www.bizvelocity.biz/wordpress/wp-content/uploads/IMG_20190226_152455-1-1024x768.jpg]
[www.bizvelocity.biz/wordpress/wp-content/uploads/IMG_20190226_152440-1-1024x768.jpg]
[www.bizvelocity.biz/wordpress/wp-content/uploads/IMG_20190226_152432-1-1024x768.jpg]
[www.bizvelocity.biz/wordpress/en/author/admin/index.html]
[www.bizvelocity.biz/wordpress/wp-content/uploads/IMG_20190225_120435-1-1024x768.jpg]
[www.bizvelocity.biz/wordpress/wp-content/uploads/IMG_20190227_231555-1-1024x1024.jpg]
[platform.twitter.com/widgets.js]
[www.bizvelocity.biz/wordpress/wp-content/uploads/1549647895877.jpg]
[www.bizvelocity.biz/wordpress/category/uncategorized-en/index.html]
[www.bizvelocity.biz/wordpress/wp-content/uploads/bizStandard.png]
[assets.pinterest.com/js/pinit.js]
[www.bizvelocity.biz/wordpress/blog/index.html]
[www.bizvelocity.biz/wordpress/bizpos-en/index.html]
[www.bizvelocity.biz/wordpress/category/product-en/index.html]
[www.bizvelocity.biz/wordpress/setup-company-setting/index.html]
[www.bizvelocity.biz/wordpress/wp-json/oembed/1.0/embed661f.json]
[www.bizvelocity.biz/wordpress/wp-json/oembed/1.0/embed6bb3]
[www.bizvelocity.biz/wordpress/bizproduction-for-manufacturer/index.html]
[www.bizvelocity.biz/wordpress/3122/index.html]
[www.bizvelocity.biz/wordpress/wp-content/plugins/cforms/cforms-captcha.aef0d3.delayed]
[www.bizvelocity.biz/wordpress/contact-us-en/feed/index.html]
[www.bizvelocity.biz/wordpress/index10e9.html]
[www.bizvelocity.biz/wordpress/wp-content/plugins/cforms/images/spacer.gif]
[www.bizvelocity.biz/wordpress/contact-us-en/index.html]
[www.bizvelocity.biz/wordpress/wp-json/oembed/1.0/embede7d8.json]
[www.bizvelocity.biz/wordpress/contact-us-th/index.html]
[www.bizvelocity.biz/wordpress/wp-json/oembed/1.0/embed3624]
[www.bizvelocity.biz/wordpress/index905b.html]
[www.bizvelocity.biz/wordpress/contact-us-th/feed/index.html]
[www.bizvelocity.biz/wordpress/wp-json/oembed/1.0/embed2b7c.json]
[www.bizvelocity.biz/wordpress/index9a43.html]
[www.bizvelocity.biz/wordpress/in-house-training-201902/index.html]
[www.bizvelocity.biz/wordpress/wp-json/oembed/1.0/embed4641]
[www.bizvelocity.biz/wordpress/indexaff3.html]
[www.bizvelocity.biz/wordpress/wp-json/oembed/1.0/embed242e.json]
[www.bizvelocity.biz/wordpress/total-solution-for-smes-by-dbd/index.html]
[www.bizvelocity.biz/wordpress/wp-json/oembed/1.0/embede874]
[www.bizvelocity.biz/wordpress/wp-json/oembed/1.0/embed441c.json]
[www.bizvelocity.biz/wordpress/index5a6a.html]
[www.bizvelocity.biz/wordpress/โครงการ-total-solutions-สำหรับ-smes-โดยกรม/index.html]
[www.bizvelocity.biz/wordpress/solutions-th/feed/index.html]
[www.bizvelocity.biz/wordpress/solutions-th/index.html]
[www.bizvelocity.biz/wordpress/wp-json/oembed/1.0/embed1b43]
[www.bizvelocity.biz/wordpress/solution-th/bizproduction-th/index.html]
[www.bizvelocity.biz/wordpress/solution-th/bizstandard-th/index.html]
[www.bizvelocity.biz/wordpress/solution-th/bizpos-th/index.html]
[www.bizvelocity.biz/wordpress/wp-json/oembed/1.0/embed745e.json]
[www.bizvelocity.biz/wordpress/solution-th/bizservice-th/index.html]
[www.bizvelocity.biz/wordpress/solution-th/bizquality-th/index.html]
[www.bizvelocity.biz/wordpress/solutions-th/bizstandard-th/feed/index.html]
[www.bizvelocity.biz/wordpress/index5c36.html]
[www.bizvelocity.biz/wordpress/solutions-th/bizstandard-th/index.html]
[www.bizvelocity.biz/wordpress/wp-json/oembed/1.0/embed979f]
[www.bizvelocity.biz/wordpress/wp-json/oembed/1.0/embeddbda.json]
[www.bizvelocity.biz/wordpress/indexe2dc.html]
[www.bizvelocity.biz/wordpress/solutions-th/bizpos-th/feed/index.html]
[www.bizvelocity.biz/wordpress/solutions-th/bizpos-th/index.html]
[www.bizvelocity.biz/wordpress/wp-json/oembed/1.0/embed0194]
[www.bizvelocity.biz/wordpress/solutions-th/bizproduction-th/feed/index.html]
[www.bizvelocity.biz/wordpress/wp-json/oembed/1.0/embed1e61.json]
[www.bizvelocity.biz/wordpress/index7665.html]
[www.bizvelocity.biz/wordpress/solutions-th/bizproduction-th/index.html]
[www.bizvelocity.biz/wordpress/wp-json/oembed/1.0/embed2dce]
[www.bizvelocity.biz/wordpress/index3cee.html]
[www.bizvelocity.biz/wordpress/wp-json/oembed/1.0/embed3118.json]
[www.bizvelocity.biz/wordpress/solutions-th/bizquality-th/feed/index.html]
[www.bizvelocity.biz/wordpress/solutions-th/bizquality-th/index.html]
[www.bizvelocity.biz/wordpress/wp-json/oembed/1.0/embedded0]
[www.bizvelocity.biz/wordpress/wp-json/oembed/1.0/embed1028.json]
[www.bizvelocity.biz/wordpress/solutions-th/bizservice-th/feed/index.html]
[www.bizvelocity.biz/wordpress/index5034.html]
[www.bizvelocity.biz/wordpress/solutions-th/bizservice-th/index.html]
[www.bizvelocity.biz/wordpress/wp-json/oembed/1.0/embedc2ec]
[www.bizvelocity.biz/wordpress/wp-json/oembed/1.0/embed2ba9.json]
[www.bizvelocity.biz/wordpress/industry-th/feed/index.html]
[www.bizvelocity.biz/wordpress/indexbbc7.html]
[www.bizvelocity.biz/wordpress/industry-th/index.html]
[www.bizvelocity.biz/wordpress/wp-json/oembed/1.0/embed9ff9]
[www.bizvelocity.biz/wordpress/wp-json/oembed/1.0/embed6c74.json]
[www.bizvelocity.biz/wordpress/industry-th/foods-beverage-th/feed/index.html]
[www.bizvelocity.biz/wordpress/indexb773.html]
[www.bizvelocity.biz/wordpress/industry-th/foods-beverage-th/index.html]
[www.bizvelocity.biz/wordpress/wp-json/oembed/1.0/embed4bd2]
[www.bizvelocity.biz/wordpress/industry-th/metal-processing-th/feed/index.html]
[www.bizvelocity.biz/wordpress/index0b1f.html]
[www.bizvelocity.biz/wordpress/wp-json/oembed/1.0/embed48e5.json]
[www.bizvelocity.biz/wordpress/industry-th/metal-processing-th/index.html]
[www.bizvelocity.biz/wordpress/wp-json/oembed/1.0/embedb95a]
[www.bizvelocity.biz/wordpress/industry-th/electronics-th/feed/index.html]
[www.bizvelocity.biz/wordpress/wp-json/oembed/1.0/embed8847.json]
[www.bizvelocity.biz/wordpress/indexa943.html]
[www.bizvelocity.biz/wordpress/industry-th/electronics-th/index.html]
[www.bizvelocity.biz/wordpress/wp-json/oembed/1.0/embedd2f1]
[www.bizvelocity.biz/wordpress/index6543.html]
[www.bizvelocity.biz/wordpress/industry-th/construction-th/feed/index.html]
[www.bizvelocity.biz/wordpress/wp-json/oembed/1.0/embedd973.json]
[www.bizvelocity.biz/wordpress/industry-th/construction-th/index.html]
[www.bizvelocity.biz/wordpress/wp-json/oembed/1.0/embed82ac]
[www.bizvelocity.biz/wordpress/wp-json/oembed/1.0/embed9baa.json]
[www.bizvelocity.biz/wordpress/industry-th/wholesale-retail-th/feed/index.html]
[www.bizvelocity.biz/wordpress/index90dd.html]
[www.bizvelocity.biz/wordpress/industry-th/wholesale-retail-th/index.html]
[www.bizvelocity.biz/wordpress/wp-json/oembed/1.0/embedb75d]
[www.bizvelocity.biz/wordpress/industry-th/livestock-th/feed/index.html]
[www.bizvelocity.biz/wordpress/indexa3af.html]
[www.bizvelocity.biz/wordpress/wp-json/oembed/1.0/embed7569.json]
[www.bizvelocity.biz/wordpress/wp-json/oembed/1.0/embedeb29]
[www.bizvelocity.biz/wordpress/industry-th/livestock-th/index.html]
[www.bizvelocity.biz/wordpress/wp-content/uploads/NPFarm2_680_1211.jpg]
[www.bizvelocity.biz/wordpress/industry-zh/livestock-zh/index.html]
[www.bizvelocity.biz/wordpress/testimonials-th/feed/index.html]
[www.bizvelocity.biz/wordpress/wp-json/oembed/1.0/embed4d99.json]
[www.bizvelocity.biz/wordpress/indexb39e.html]
[www.bizvelocity.biz/wordpress/wp-json/oembed/1.0/embedc6b8]
[www.bizvelocity.biz/wordpress/testimonials-th/index.html]
[www.bizvelocity.biz/wordpress/wp-json/oembed/1.0/embed.f522c0.delayed]
[www.bizvelocity.biz/wordpress/faq-th/feed/index.html]
[www.bizvelocity.biz/wordpress/index2bee.html]
[www.bizvelocity.biz/wordpress/faq-th/index.html]
[www.bizvelocity.biz/wordpress/wp-json/oembed/1.0/embed13f4]
[www.bizvelocity.biz/wordpress/wp-content/uploads/scalingup.jpg]
[www.bizvelocity.biz/wordpress/wp-content/uploads/IMG_20190227_231555-1024x1024.jpg]
[www.bizvelocity.biz/wordpress/wp-content/uploads/IMG_20190226_161322-1024x768.jpg]
[www.bizvelocity.biz/wordpress/th/author/admin/index.html]
[www.bizvelocity.biz/wordpress/category/uncategorized-th/index.html]
[www.bizvelocity.biz/wordpress/wp-content/uploads/IMG_20190226_152455-1024x768.jpg]
[www.bizvelocity.biz/wordpress/wp-content/uploads/IMG_20190226_152440-1024x768.jpg]
[www.bizvelocity.biz/wordpress/wp-content/uploads/IMG_20190226_152432-1024x768.jpg]
[www.bizvelocity.biz/wordpress/wp-content/uploads/IMG_20190225_120435-1024x768.jpg]
[www.bizvelocity.biz/wordpress/wp-content/uploads/IMG_20190225_120418-e1551285509857-768x1024.jpg]
[www.bizvelocity.biz/wordpress/wp-content/uploads/1549647895877-1.jpg]
[www.bizvelocity.biz/wordpress/wp-content/uploads/10980539_s.jpg]
[www.bizvelocity.biz/wordpress/wp-content/uploads/17178425_s.jpg]
[www.bizvelocity.biz/wordpress/procurement-th/index.html]
[www.bizvelocity.biz/wordpress/salessupport2-th/index.html]
[www.bizvelocity.biz/wordpress/wp-content/uploads/16013936-textile-factory-worker-and-quality-controller-checking-quality.106.delayed]
[www.bizvelocity.biz/wordpress/category/company-news-th/index.html]
[www.bizvelocity.biz/wordpress/wp-content/uploads/IMG_264911.jpg]
[www.bizvelocity.biz/wordpress/multi-price/index.html]
[www.bizvelocity.biz/wordpress/wp-content/uploads/bizPOS_445x273.png]
[www.bizvelocity.biz/wordpress/blog-th/index.html]
[www.bizvelocity.biz/wordpress/bizquality-th-2/index.html]
[www.bizvelocity.biz/wordpress/bizquality-th/16013936-textile-factory-worker-and-quality-controller-checking-quality/index.html]
[www.bizvelocity.biz/wordpress/wp-json/oembed/1.0/embed1ecb.json]
[www.bizvelocity.biz/wordpress/category/product-th/index.html]
[www.bizvelocity.biz/wordpress/wp-json/oembed/1.0/embed7afa]
[www.bizvelocity.biz/wordpress/software-expo-asia-2013-th/index.html]
[www.bizvelocity.biz/wordpress/bizuniversity-th/index.html]
[www.bizvelocity.biz/wordpress/software-expo-2013-th/img_26491-2/index.html]
[www.bizvelocity.biz/wordpress/category/upcoming-events-th/index.html]
[www.bizvelocity.biz/wordpress/bizpos-th/index.html]
[www.bizvelocity.biz/wordpress/wp-json/oembed/1.0/embed3ebf.json]
[www.bizvelocity.biz/wordpress/โมดูล-bizproduction-เพื่อธุรกิจการผ-2/index.html]
[www.bizvelocity.biz/wordpress/blog-th/page/2/index.html]
[www.bizvelocity.biz/wordpress/wp-json/oembed/1.0/embed7be5]
[www.bizvelocity.biz/wordpress/bizuniversity-th/feed/index.html]
[www.bizvelocity.biz/wordpress/index07c0.html]
[www.bizvelocity.biz/wordpress/bizuniversity-intro-th/index.html]
[0.gravatar.com/avatar/05ffec1d72cc01ff029a0db6b9eb5ccb5b55.png]
[www.bizvelocity.biz/wordpress/forums/forum/idea-exchange/index.html]
[www.bizvelocity.biz/wordpress/bizuniversity-setup-th/index.html]
[www.bizvelocity.biz/wordpress/bizuniversity-procurement-th/index.html]
[www.bizvelocity.biz/wordpress/bizuniversity-sales-th/index.html]
[www.bizvelocity.biz/wordpress/wp-json/oembed/1.0/embeddb10.json]
[www.bizvelocity.biz/wordpress/bizuniversity-production-th/index.html]
[www.bizvelocity.biz/wordpress/bizuniversity-ethanol-th/index.html]
[www.bizvelocity.biz/wordpress/wp-json/oembed/1.0/embed82f9]
[www.bizvelocity.biz/wordpress/index409f.html]
[www.bizvelocity.biz/wordpress/book-scaling-up/index.html]
[www.bizvelocity.biz/wordpress/th/forums/index.html]
[www.bizvelocity.biz/wordpress/forums/users/admin/index.html]
[www.bizvelocity.biz/wordpress/forums/topic/your-feedback-th/index.html]
[www.bizvelocity.biz/wordpress/indexc59c.html]
[www.bizvelocity.biz/wordpress/index80c5.html]
[www.bizvelocity.biz/wordpress/wp-json/oembed/1.0/embed0967.json]
[www.bizvelocity.biz/wordpress/อบรม-bizvelocity-รอบ-201902/index.html]
[www.bizvelocity.biz/wordpress/wp-json/oembed/1.0/embed97fe]
[www.bizvelocity.biz/wordpress/solutions-zh/feed/index.html]
[www.bizvelocity.biz/wordpress/wp-json/oembed/1.0/embedcb82.json]
[www.bizvelocity.biz/wordpress/index762b.html]
[www.bizvelocity.biz/wordpress/solutions-zh/index.html]
[www.bizvelocity.biz/wordpress/wp-json/oembed/1.0/embed1216]
[www.bizvelocity.biz/wordpress/index72ff.html]
[www.bizvelocity.biz/wordpress/wp-json/oembed/1.0/embed9ee5.json]
[www.bizvelocity.biz/wordpress/solutions-zh/bizstandard-zh/feed/index.html]
[www.bizvelocity.biz/wordpress/solutions-zh/bizstandard-zh/index.html]
[www.bizvelocity.biz/wordpress/wp-json/oembed/1.0/embed45e7]
[www.bizvelocity.biz/wordpress/wp-json/oembed/1.0/embed0be4.json]
[www.bizvelocity.biz/wordpress/index45eb.html]
[www.bizvelocity.biz/wordpress/solutions-zh/bizproduction-zh/feed/index.html]
[www.bizvelocity.biz/wordpress/solutions-zh/bizproduction-zh/index.html]
[www.bizvelocity.biz/wordpress/wp-json/oembed/1.0/embede112]
[www.bizvelocity.biz/wordpress/index952b.html]
[www.bizvelocity.biz/wordpress/wp-json/oembed/1.0/embedfe4c.json]
[www.bizvelocity.biz/wordpress/solutions-zh/bizservice-zh/feed/index.html]
[www.bizvelocity.biz/wordpress/solutions-zh/bizservice-zh/index.html]
[www.bizvelocity.biz/wordpress/wp-json/oembed/1.0/embedaae0]
[www.bizvelocity.biz/wordpress/wp-json/oembed/1.0/embedb90e.json]
[www.bizvelocity.biz/wordpress/index20fc.html]
[www.bizvelocity.biz/wordpress/solutions-zh/bizquality-zh/feed/index.html]
[www.bizvelocity.biz/wordpress/solutions-zh/bizquality-zh/index.html]
[www.bizvelocity.biz/wordpress/wp-json/oembed/1.0/embedb1bf]
[www.bizvelocity.biz/wordpress/wp-json/oembed/1.0/embedc6e0.json]
[www.bizvelocity.biz/wordpress/index1b9e.html]
[www.bizvelocity.biz/wordpress/solutions-zh/bizpos-zh/feed/index.html]
[www.bizvelocity.biz/wordpress/solutions-zh/bizpos-zh/index.html]
[www.bizvelocity.biz/wordpress/wp-json/oembed/1.0/embed0ef5]
[www.bizvelocity.biz/wordpress/indexe7a1.html]
[www.bizvelocity.biz/wordpress/wp-json/oembed/1.0/embedd7e3.json]
[www.bizvelocity.biz/wordpress/industry-zh/feed/index.html]
[www.bizvelocity.biz/wordpress/industry-zh/index.html]
[www.bizvelocity.biz/wordpress/wp-json/oembed/1.0/embeda05a]
[www.bizvelocity.biz/wordpress/wp-json/oembed/1.0/embedff7c.json]
[www.bizvelocity.biz/wordpress/index6ca8.html]
[www.bizvelocity.biz/wordpress/industry-zh/foods-beverage-zh/feed/index.html]
[www.bizvelocity.biz/wordpress/industry-zh/foods-beverage-zh/index.html]
[www.bizvelocity.biz/wordpress/wp-json/oembed/1.0/embedf515]
[www.bizvelocity.biz/wordpress/solution-th/bizquality-zh/index.html]
[www.bizvelocity.biz/wordpress/solution-th/bizproduction-zh/index.html]
[www.bizvelocity.biz/wordpress/solution-th/bizstandard-zh/index.html]
[www.bizvelocity.biz/wordpress/wp-json/oembed/1.0/embed332c.json]
[www.bizvelocity.biz/wordpress/industry-zh/metal-processing-zh/feed/index.html]
[www.bizvelocity.biz/wordpress/wp-json/oembed/1.0/embed3d85]
[www.bizvelocity.biz/wordpress/industry-zh/metal-processing-zh/index.html]
[www.bizvelocity.biz/wordpress/indexc1a5.html]
[www.bizvelocity.biz/wordpress/wp-json/oembed/1.0/embed11e1.json]
[www.bizvelocity.biz/wordpress/index5d1c.html]
[www.bizvelocity.biz/wordpress/industry-zh/electronics-zh/feed/index.html]
[www.bizvelocity.biz/wordpress/industry-zh/electronics-zh/index.html]
[www.bizvelocity.biz/wordpress/wp-json/oembed/1.0/embed6d93]
[www.bizvelocity.biz/wordpress/wp-json/oembed/1.0/embed37ba.json]
[www.bizvelocity.biz/wordpress/indexff4d.html]
[www.bizvelocity.biz/wordpress/industry-zh/construction-zh/feed/index.html]
[www.bizvelocity.biz/wordpress/industry-zh/construction-zh/index.html]
[www.bizvelocity.biz/wordpress/wp-json/oembed/1.0/embedeed5]
[www.bizvelocity.biz/wordpress/wp-json/oembed/1.0/embed7d2b.json]
[www.bizvelocity.biz/wordpress/indexd614.html]
[www.bizvelocity.biz/wordpress/industry-zh/wholesale-retail-zh/feed/index.html]
[www.bizvelocity.biz/wordpress/industry-zh/wholesale-retail-zh/index.html]
[www.bizvelocity.biz/wordpress/wp-json/oembed/1.0/embeda36d]
[www.bizvelocity.biz/wordpress/index6dac.html]
[www.bizvelocity.biz/wordpress/wp-json/oembed/1.0/embedb174.json]
[www.bizvelocity.biz/wordpress/testimonials-zh/feed/index.html]
[www.bizvelocity.biz/wordpress/testimonials-zh/index.html]
[www.bizvelocity.biz/wordpress/wp-json/oembed/1.0/embed9800]
[www.bizvelocity.biz/wordpress/wp-json/oembed/1.0/embedbbbc.json]
[www.bizvelocity.biz/wordpress/index3dfd.html]
[www.bizvelocity.biz/wordpress/faq-zh/feed/index.html]
[www.bizvelocity.biz/wordpress/faq-zh/index.html]
[www.bizvelocity.biz/wordpress/blog-zh/index.html]
[www.bizvelocity.biz/wordpress/wp-json/oembed/1.0/embedc02d]
[www.bizvelocity.biz/wordpress/wp-json/oembed/1.0/embedd158.json]
[www.bizvelocity.biz/wordpress/index3dd6.html]
[www.bizvelocity.biz/wordpress/contact-us-zh/feed/index.html]
[www.bizvelocity.biz/wordpress/wp-json/oembed/1.0/embedbf74]
[www.bizvelocity.biz/wordpress/wp-content/plugins/cforms/cforms-captcha.158f062.delayed]
[www.bizvelocity.biz/wordpress/contact-us-zh/index.html]
[www.bizvelocity.biz/wordpress/index5355.html]
[www.bizvelocity.biz/wordpress/index1639.html]
[www.bizvelocity.biz/wordpress/index5294.html]
[www.bizvelocity.biz/wordpress/index221f.html]
[www.bizvelocity.biz/wordpress/indexf6a9.html]
[www.bizvelocity.biz/wordpress/index80a3.html]
[www.bizvelocity.biz/wordpress/index2915.html]
[www.bizvelocity.biz/wordpress/wp-json/oembed/1.0/embedf217.json]
[www.bizvelocity.biz/wordpress/industry-th/estate-th/feed/index.html]
[www.bizvelocity.biz/wordpress/index4ea9.html]
[www.bizvelocity.biz/wordpress/industry-th/estate-th/index.html]
[www.bizvelocity.biz/wordpress/index4efb.html]
[www.bizvelocity.biz/wordpress/index5604.html]
[www.bizvelocity.biz/wordpress/indexbdfa.html]
[www.bizvelocity.biz/wordpress/index2202.html]
[www.bizvelocity.biz/wordpress/index8a7d.html]
[www.bizvelocity.biz/wordpress/index01a6.html]
[www.bizvelocity.biz/wordpress/wp-content/uploads/index.html]
[www.bizvelocity.biz/wordpress/index1c75.html]
[www.bizvelocity.biz/wordpress/wp-content/themes/Sterling/css/index.html]
[www.bizvelocity.biz/wordpress/en/author/admin/index.html]
[www.bizvelocity.biz/wordpress/category/uncategorized-en/index.html]
[www.bizvelocity.biz/wordpress/wp-json/oembed/1.0/embed1eaf]
[www.bizvelocity.biz/wordpress/category/uncategorized-en/feed/index.html]
[www.bizvelocity.biz/wordpress/wp-json/oembed/1.0/embed40f9.json]
[www.bizvelocity.biz/wordpress/index6529.html]
[www.bizvelocity.biz/wordpress/en/author/admin/feed/index.html]
[www.bizvelocity.biz/wordpress/bizpos-en/index.html]
[www.bizvelocity.biz/wordpress/category/product-en/index.html]
[www.bizvelocity.biz/wordpress/wp-json/oembed/1.0/embed1c2a]
[www.bizvelocity.biz/wordpress/wp-json/oembed/1.0/embedaf1f.json]
[www.bizvelocity.biz/wordpress/category/product-en/feed/index.html]
[www.bizvelocity.biz/wordpress/indexa803.html]
[www.bizvelocity.biz/wordpress/setup-company-setting/index.html]
[www.bizvelocity.biz/wordpress/wp-json/oembed/1.0/embed6a07]
[www.bizvelocity.biz/wordpress/index7ae2.html]
[www.bizvelocity.biz/wordpress/wp-json/oembed/1.0/embed8471.json]
[www.bizvelocity.biz/wordpress/bizproduction-for-manufacturer/index.html]
[www.bizvelocity.biz/wordpress/wp-json/oembed/1.0/embedcbdf]
[www.bizvelocity.biz/wordpress/wp-json/oembed/1.0/embedddd4.json]
[www.bizvelocity.biz/wordpress/index0aa2.html]
[www.bizvelocity.biz/wordpress/3122/index.html]
[www.bizvelocity.biz/wordpress/index10e9.html]
[www.bizvelocity.biz/wordpress/index905b.html]
[www.bizvelocity.biz/wordpress/index9a43.html]
[www.bizvelocity.biz/wordpress/indexaff3.html]
[www.bizvelocity.biz/wordpress/wp-json/oembed/1.0/embed7b60]
[www.bizvelocity.biz/wordpress/wp-json/oembed/1.0/embed69c7.json]
[www.bizvelocity.biz/wordpress/โมดูล-bizstandard-เพื่อธุรกิจซื้อ/index.html]
[www.bizvelocity.biz/wordpress/index5567.html]
[www.bizvelocity.biz/wordpress/โครงการ-total-solutions-สำหรับ-smes-โดยกรม/index.html]
[www.bizvelocity.biz/wordpress/index5a6a.html]
[www.bizvelocity.biz/wordpress/solution-th/bizstandard-th/index.html]
[www.bizvelocity.biz/wordpress/solution-th/bizproduction-th/index.html]
[www.bizvelocity.biz/wordpress/solution-th/bizpos-th/index.html]
[www.bizvelocity.biz/wordpress/solution-th/bizservice-th/index.html]
[www.bizvelocity.biz/wordpress/solution-th/bizquality-th/index.html]
[www.bizvelocity.biz/wordpress/index5c36.html]
[www.bizvelocity.biz/wordpress/indexe2dc.html]
[www.bizvelocity.biz/wordpress/index7665.html]
[www.bizvelocity.biz/wordpress/index3cee.html]
[www.bizvelocity.biz/wordpress/index5034.html]
[www.bizvelocity.biz/wordpress/indexbbc7.html]
[www.bizvelocity.biz/wordpress/indexb773.html]
[www.bizvelocity.biz/wordpress/index0b1f.html]
[www.bizvelocity.biz/wordpress/indexa943.html]
[www.bizvelocity.biz/wordpress/index6543.html]
[www.bizvelocity.biz/wordpress/index90dd.html]
[www.bizvelocity.biz/wordpress/indexa3af.html]
[www.bizvelocity.biz/wordpress/wp-json/oembed/1.0/embed77b2]
[www.bizvelocity.biz/wordpress/wp-json/oembed/1.0/embed40cf.json]
[www.bizvelocity.biz/wordpress/indexc8ec.html]
[www.bizvelocity.biz/wordpress/industry-zh/livestock-zh/feed/index.html]
[www.bizvelocity.biz/wordpress/industry-zh/livestock-zh/index.html]
[www.bizvelocity.biz/wordpress/indexb39e.html]
[www.bizvelocity.biz/wordpress/index2bee.html]
[www.bizvelocity.biz/wordpress/th/author/admin/index.html]
[www.bizvelocity.biz/wordpress/wp-json/oembed/1.0/embed5905]
[www.bizvelocity.biz/wordpress/category/uncategorized-th/index.html]
[www.bizvelocity.biz/wordpress/category/uncategorized-th/feed/index.html]
[www.bizvelocity.biz/wordpress/th/author/admin/feed/index.html]
[www.bizvelocity.biz/wordpress/wp-json/oembed/1.0/embedf9cd.json]
[www.bizvelocity.biz/wordpress/th/author/admin/page/2/index.html]
[www.bizvelocity.biz/wordpress/index324d.html]
[www.bizvelocity.biz/wordpress/procurement-th/index.html]
[www.bizvelocity.biz/wordpress/wp-json/oembed/1.0/embed4521]
[www.bizvelocity.biz/wordpress/wp-json/oembed/1.0/embed578f.json]
[www.bizvelocity.biz/wordpress/indexc1cc.html]
[www.bizvelocity.biz/wordpress/salessupport2-th/index.html]
[www.bizvelocity.biz/wordpress/wp-json/oembed/1.0/embed623a]
[www.bizvelocity.biz/wordpress/wp-content/uploads/1175355_547866678601907_987864019_n.jpg]
[www.bizvelocity.biz/wordpress/wp-content/uploads/unbECIT.jpg]
[www.bizvelocity.biz/wordpress/category/company-news-th/feed/index.html]
[www.bizvelocity.biz/wordpress/เยี่ยมชม-บริษัท-เฉินโฟรเ/index.html]
[www.bizvelocity.biz/wordpress/category/company-news-th/index.html]
[www.bizvelocity.biz/wordpress/th/author/jaruwan-b/index.html]
[www.bizvelocity.biz/wordpress/wp-json/oembed/1.0/embed38f2.json]
[www.bizvelocity.biz/wordpress/เยี่ยมชม-บริษัท-ยูเนียน/index.html]
[www.bizvelocity.biz/wordpress/wp-json/oembed/1.0/embed1101]
[www.bizvelocity.biz/wordpress/multi-price/index.html]
[www.bizvelocity.biz/wordpress/indexf81a.html]
[www.bizvelocity.biz/wordpress/indexb02b.html]
[www.bizvelocity.biz/wordpress/wp-json/oembed/1.0/embed1c7c.json]
[www.bizvelocity.biz/wordpress/bizquality-th-2/index.html]
[www.bizvelocity.biz/wordpress/bizquality-th/16013936-textile-factory-worker-and-quality-controller-checking-quality/index.html]
[www.bizvelocity.biz/wordpress/category/product-th/index.html]
[www.bizvelocity.biz/wordpress/wp-json/oembed/1.0/embed952b]
[www.bizvelocity.biz/wordpress/wp-json/oembed/1.0/embed047a.json]
[www.bizvelocity.biz/wordpress/category/product-th/feed/index.html]
[www.bizvelocity.biz/wordpress/16013936-textile-factory-worker-and-quality-controller-checking-quality/index.html]
[www.bizvelocity.biz/wordpress/index354f.html]
[www.bizvelocity.biz/wordpress/software-expo-asia-2013-th/index.html]
[www.bizvelocity.biz/wordpress/software-expo-2013-th/img_26491-2/index.html]
[www.bizvelocity.biz/wordpress/category/upcoming-events-th/index.html]
[www.bizvelocity.biz/wordpress/wp-json/oembed/1.0/embed3486]
[www.bizvelocity.biz/wordpress/wp-json/oembed/1.0/embedafed.json]
[www.bizvelocity.biz/wordpress/category/upcoming-events-th/feed/index.html]
[www.bizvelocity.biz/wordpress/img_26491-2/index.html]
[www.bizvelocity.biz/wordpress/index3e24.html]
[www.bizvelocity.biz/wordpress/bizpos-th/index.html]
[www.bizvelocity.biz/wordpress/wp-json/oembed/1.0/embedbfc2]
[www.bizvelocity.biz/wordpress/wp-json/oembed/1.0/embed48c8.json]
[www.bizvelocity.biz/wordpress/index039c.html]
[www.bizvelocity.biz/wordpress/โมดูล-bizproduction-เพื่อธุรกิจการผ-2/index.html]
[www.bizvelocity.biz/wordpress/blog-th/page/2/index.html]
[www.bizvelocity.biz/wordpress/index07c0.html]
[www.bizvelocity.biz/wordpress/bizuniversity-intro-th/index.html]
[www.bizvelocity.biz/wordpress/bizuniversity-setup-th/index.html]
[www.bizvelocity.biz/wordpress/bizuniversity-procurement-th/index.html]
[www.bizvelocity.biz/wordpress/wp-json/oembed/1.0/embede004]
[www.bizvelocity.biz/wordpress/bizuniversity-sales-th/index.html]
[www.bizvelocity.biz/wordpress/bizuniversity-th/bizuniversity-setup-th/index.html]
[www.bizvelocity.biz/wordpress/bizuniversity-production-th/index.html]
[www.bizvelocity.biz/wordpress/bizuniversity-th/bizuniversity-intro-th/index.html]
[www.bizvelocity.biz/wordpress/bizuniversity-ethanol-th/index.html]
[www.bizvelocity.biz/wordpress/bizuniversity-th/bizuniversity-procurement-th/index.html]
[www.bizvelocity.biz/wordpress/index409f.html]
[www.bizvelocity.biz/wordpress/bizuniversity-th/bizuniversity-sales-th/index.html]
[www.bizvelocity.biz/wordpress/th/forums/index.html]
[www.bizvelocity.biz/wordpress/bizuniversity-th/bizuniversity-production-th/index.html]
[www.bizvelocity.biz/wordpress/th/forums/feed/index.html]
[www.bizvelocity.biz/wordpress/bizuniversity-th/bizuniversity-ethanol-th/index.html]
[www.bizvelocity.biz/wordpress/forums/users/admin/index.html]
[0.gravatar.com/avatar/05ffec1d72cc01ff029a0db6b9eb5ccbbf56.png]
[www.bizvelocity.biz/wordpress/forums/forum/support/index.html]
[www.bizvelocity.biz/wordpress/forums/users/admin/topics/index.html]
[www.bizvelocity.biz/wordpress/forums/users/admin/replies/index.html]
[www.bizvelocity.biz/wordpress/wp-json/oembed/1.0/embedba0d.json]
[www.bizvelocity.biz/wordpress/forums/users/admin/favorites/index.html]
[www.bizvelocity.biz/wordpress/indexb984.html]
[www.bizvelocity.biz/wordpress/wp-json/oembed/1.0/embed23c8]
[0.gravatar.com/avatar/05ffec1d72cc01ff029a0db6b9eb5ccb8a63.png]
[www.bizvelocity.biz/wordpress/forums/topic/your-feedback-th/index.html]
[www.bizvelocity.biz/wordpress/indexc59c.html]
[www.bizvelocity.biz/wordpress/index80c5.html]
[www.bizvelocity.biz/wordpress/index762b.html]
[www.bizvelocity.biz/wordpress/index72ff.html]
[www.bizvelocity.biz/wordpress/index45eb.html]
[www.bizvelocity.biz/wordpress/index952b.html]
[www.bizvelocity.biz/wordpress/index20fc.html]
[www.bizvelocity.biz/wordpress/index1b9e.html]
[www.bizvelocity.biz/wordpress/indexe7a1.html]
[www.bizvelocity.biz/wordpress/index6ca8.html]
[www.bizvelocity.biz/wordpress/solution-th/bizstandard-zh/index.html]
[www.bizvelocity.biz/wordpress/solution-th/bizproduction-zh/index.html]
[www.bizvelocity.biz/wordpress/solution-th/bizquality-zh/index.html]
[www.bizvelocity.biz/wordpress/indexc1a5.html]
[www.bizvelocity.biz/wordpress/index5d1c.html]
[www.bizvelocity.biz/wordpress/indexff4d.html]
[www.bizvelocity.biz/wordpress/indexd614.html]
[www.bizvelocity.biz/wordpress/index6dac.html]
[www.bizvelocity.biz/wordpress/index3dfd.html]
[www.bizvelocity.biz/wordpress/index3dd6.html]
[www.bizvelocity.biz/wordpress/index4ea9.html]
[www.bizvelocity.biz/wordpress/index6529.html]
[www.bizvelocity.biz/wordpress/indexa803.html]
[www.bizvelocity.biz/wordpress/index7ae2.html]
[www.bizvelocity.biz/wordpress/index0aa2.html]
[www.bizvelocity.biz/wordpress/wp-json/oembed/1.0/embed3e51.json]
[www.bizvelocity.biz/wordpress/indexec50.html]
[www.bizvelocity.biz/wordpress/โมดูล-bizstandard-เพื่อธุรกิจซื้อ/index.html]
[www.bizvelocity.biz/wordpress/index5567.html]
[www.bizvelocity.biz/wordpress/indexc8ec.html]
[www.bizvelocity.biz/wordpress/th/author/admin/page/2/index.html]
[www.bizvelocity.biz/wordpress/index324d.html]
[www.bizvelocity.biz/wordpress/indexc1cc.html]
[www.bizvelocity.biz/wordpress/wp-json/oembed/1.0/embeda176]
[www.bizvelocity.biz/wordpress/wp-json/oembed/1.0/embedba13.json]
[www.bizvelocity.biz/wordpress/index8542.html]
[www.bizvelocity.biz/wordpress/เยี่ยมชม-บริษัท-เฉินโฟรเ/index.html]
[www.bizvelocity.biz/wordpress/th/author/jaruwan-b/index.html]
[www.bizvelocity.biz/wordpress/wp-json/oembed/1.0/embed2a27]
[www.bizvelocity.biz/wordpress/th/author/jaruwan-b/feed/index.html]
[www.bizvelocity.biz/wordpress/wp-json/oembed/1.0/embedf99b.json]
[www.bizvelocity.biz/wordpress/index42f5.html]
[www.bizvelocity.biz/wordpress/เยี่ยมชม-บริษัท-ยูเนียน/index.html]
[www.bizvelocity.biz/wordpress/indexf81a.html]
[www.bizvelocity.biz/wordpress/indexb02b.html]
[www.bizvelocity.biz/wordpress/wp-json/oembed/1.0/embed69cc]
[www.bizvelocity.biz/wordpress/index64bf.html]
[www.bizvelocity.biz/wordpress/feed/indexbf25.html]
[www.bizvelocity.biz/wordpress/wp-json/oembed/1.0/embed5ec6.json]
[www.bizvelocity.biz/wordpress/wp-json/oembed/1.0/embedadc7]
[www.bizvelocity.biz/wordpress/wp-content/uploads/16013936-textile-factory-worker-and-quality-controller-checking-quality-300x200.jpg]
[www.bizvelocity.biz/wordpress/16013936-textile-factory-worker-and-quality-controller-checking-quality/index.html]
[www.bizvelocity.biz/wordpress/index354f.html]
[www.bizvelocity.biz/wordpress/wp-login2dfc.html]
[www.bizvelocity.biz/wordpress/index60a4.html]
[www.bizvelocity.biz/wordpress/feed/index058e.html]
[www.bizvelocity.biz/wordpress/wp-json/oembed/1.0/embedefd3.json]
[www.bizvelocity.biz/wordpress/wp-json/oembed/1.0/embed2172]
[www.bizvelocity.biz/wordpress/wp-content/uploads/IMG_264911-300x225.jpg]
[www.bizvelocity.biz/wordpress/img_26491-2/index.html]
[www.bizvelocity.biz/wordpress/index3e24.html]
[www.bizvelocity.biz/wordpress/index039c.html]
[www.bizvelocity.biz/wordpress/wp-logind3e6.html]
[www.bizvelocity.biz/wordpress/wp-json/oembed/1.0/embed5e65.json]
[www.bizvelocity.biz/wordpress/indexc90c.html]
[www.bizvelocity.biz/wordpress/bizuniversity-th/bizuniversity-intro-th/feed/index.html]
[www.bizvelocity.biz/wordpress/bizuniversity-th/bizuniversity-intro-th/index.html]
[www.bizvelocity.biz/wordpress/wp-json/oembed/1.0/embed76e4]
[www.bizvelocity.biz/wordpress/bizuniversity-th/bizuniversity-setup-th/feed/index.html]
[www.bizvelocity.biz/wordpress/index038b.html]
[www.bizvelocity.biz/wordpress/wp-json/oembed/1.0/embeddd46.json]
[www.bizvelocity.biz/wordpress/bizuniversity-th/bizuniversity-setup-th/index.html]
[www.bizvelocity.biz/wordpress/wp-json/oembed/1.0/embedebd0]
[www.bizvelocity.biz/wordpress/index6476.html]
[www.bizvelocity.biz/wordpress/bizuniversity-th/bizuniversity-procurement-th/feed/index.html]
[www.bizvelocity.biz/wordpress/wp-json/oembed/1.0/embed67e9.json]
[www.bizvelocity.biz/wordpress/bizuniversity-th/bizuniversity-procurement-th/index.html]
[www.bizvelocity.biz/wordpress/wp-json/oembed/1.0/embed2cfe]
[www.bizvelocity.biz/wordpress/index1f1e.html]
[www.bizvelocity.biz/wordpress/bizuniversity-th/bizuniversity-sales-th/feed/index.html]
[www.bizvelocity.biz/wordpress/wp-json/oembed/1.0/embed04a9.json]
[www.bizvelocity.biz/wordpress/bizuniversity-th/bizuniversity-sales-th/index.html]
[www.bizvelocity.biz/wordpress/wp-json/oembed/1.0/embed60d3]
[www.bizvelocity.biz/wordpress/wp-json/oembed/1.0/embedd106.json]
[www.bizvelocity.biz/wordpress/bizuniversity-th/bizuniversity-production-th/feed/index.html]
[www.bizvelocity.biz/wordpress/index096f.html]
[www.bizvelocity.biz/wordpress/bizuniversity-th/bizuniversity-production-th/index.html]
[www.bizvelocity.biz/wordpress/wp-json/oembed/1.0/embed3763]
[www.bizvelocity.biz/wordpress/wp-json/oembed/1.0/embed54e7.json]
[www.bizvelocity.biz/wordpress/bizuniversity-th/bizuniversity-ethanol-th/feed/index.html]
[www.bizvelocity.biz/wordpress/indexef85.html]
[www.bizvelocity.biz/wordpress/bizuniversity-th/bizuniversity-ethanol-th/index.html]
[www.bizvelocity.biz/wordpress/wp-json/oembed/1.0/embed55cf]
[www.bizvelocity.biz/wordpress/forums/forum/support/feed/index.html]
[www.bizvelocity.biz/wordpress/wp-json/oembed/1.0/embedc04b.json]
[www.bizvelocity.biz/wordpress/index34eb.html]
[www.bizvelocity.biz/wordpress/forums/forum/support/index.html]
[www.bizvelocity.biz/wordpress/forums/users/admin/topics/index.html]
[www.bizvelocity.biz/wordpress/forums/users/admin/replies/index.html]
[www.bizvelocity.biz/wordpress/forums/users/admin/favorites/index.html]
[www.bizvelocity.biz/wordpress/indexb984.html]
[www.bizvelocity.biz/wordpress/indexec50.html]
[www.bizvelocity.biz/wordpress/wp-content/plugins/cforms/cforms-captchaf0d3.html]
[www.bizvelocity.biz/wordpress/index8542.html]
[www.bizvelocity.biz/wordpress/index42f5.html]
[www.bizvelocity.biz/wordpress/feed/indexbf25.html]
[www.bizvelocity.biz/wordpress/index64bf.html]
[www.bizvelocity.biz/wordpress/wp-json/oembed/1.0/embedb245]
[www.bizvelocity.biz/wordpress/wp-content/uploads/BizVelocity-logo-5.png]
[www.bizvelocity.biz/wordpress/wp-login2dfc.html]
[www.bizvelocity.biz/wordpress/feed/index058e.html]
[www.bizvelocity.biz/wordpress/index60a4.html]
[www.bizvelocity.biz/wordpress/wp-logind3e6.html]
[www.bizvelocity.biz/wordpress/indexc90c.html]
[www.bizvelocity.biz/wordpress/index038b.html]
[www.bizvelocity.biz/wordpress/index6476.html]
[www.bizvelocity.biz/wordpress/index1f1e.html]
[www.bizvelocity.biz/wordpress/index096f.html]
[www.bizvelocity.biz/wordpress/indexef85.html]
[www.bizvelocity.biz/wordpress/index34eb.html]
[www.bizvelocity.biz/wordpress/wp-content/plugins/cforms/cforms-captchaf062.html]
[www.bizvelocity.biz/wordpress/wp-loginc2b6.html]
[www.bizvelocity.biz/wordpress/wp-loginc2b6.html]
[www.bizvelocity.biz/wordpress/wp-login.html]
[www.bizvelocity.biz/wordpress/wp-login.html]
[www.bizvelocity.biz/wordpress/wp-includes/css/dist/block-library/style.minc721.css]
[www.bizvelocity.biz/wordpress/en/comments/feed/index.html]
[www.bizvelocity.biz/wordpress/home-en/feed/index.html]
[www.bizvelocity.biz/wordpress/wp-content/plugins/LayerSlider/css/blank.gif]
[www.bizvelocity.biz/wordpress/wp-content/plugins/LayerSlider/css/layerslider1c9b.css]
[www.bizvelocity.biz/wordpress/wp-json/index.html]
[www.bizvelocity.biz/wordpress/wp-content/plugins/bbpress/templates/default/css/bbpress01c4.css]
[www.bizvelocity.biz/wordpress/wp-json/oembed/1.0/embed2a53.json]
[www.bizvelocity.biz/wordpress/wp-content/plugins/wp-modal-login/fonts/iconic.eot]
[www.bizvelocity.biz/wordpress/wp-json/oembed/1.0/embedc036]
[www.bizvelocity.biz/wordpress/wp-content/plugins/wp-modal-login/fonts/iconic.1fc.delayed]
[www.bizvelocity.biz/wordpress/wp-content/plugins/wp-modal-login/fonts/iconic.ttf]
[www.bizvelocity.biz/wordpress/wp-content/plugins/wp-modal-login/css/wp-modal-login1717.css]
[www.bizvelocity.biz/wordpress/wp-content/plugins/wp-modal-login/css/default1717.css]
[www.bizvelocity.biz/wordpress/wp-content/plugins/tablepress/css/tablepress.eot]
[www.bizvelocity.biz/wordpress/wp-content/plugins/tablepress/css/tablepressd41d.eot]
[www.bizvelocity.biz/wordpress/wp-content/plugins/tablepress/css/default.min2c00.css]
[www.bizvelocity.biz/wordpress/th/comments/feed/index.html]
[www.bizvelocity.biz/wordpress/wp-includes/js/swfobjecteb77.js]
[www.bizvelocity.biz/wordpress/th/feed/index.html]
[www.bizvelocity.biz/wordpress/wp-includes/js/jquery/jqueryb8ff.js]
[www.bizvelocity.biz/wordpress/home-th/feed/index.html]
[www.bizvelocity.biz/wordpress/wp-content/uploads/p051-055_FTI-SC-LED-Lighting.pdf]
[www.bizvelocity.biz/wordpress/wp-includes/js/jquery/jquery-migrate.min330a.js]
[www.bizvelocity.biz/wordpress/wp-json/oembed/1.0/embed0f64.json]
[www.bizvelocity.biz/wordpress/wp-json/oembed/1.0/embed0650]
[www.bizvelocity.biz/wordpress/wp-content/uploads/eWorld-SARC.pdf]
[www.bizvelocity.biz/wordpress/wp-content/plugins/LayerSlider/js/layerslider.kreaturamedia.jquery1c9b.js]
[www.bizvelocity.biz/wordpress/zh/feed/index.html]
[www.bizvelocity.biz/wordpress/wp-content/plugins/LayerSlider/js/jquery-easing-1.36f3e.js]
[www.bizvelocity.biz/wordpress/zh/comments/feed/index.html]
[www.bizvelocity.biz/wordpress/wp-content/plugins/LayerSlider/js/jquerytransite2dc.js]
[www.bizvelocity.biz/wordpress/home-zh/feed/index.html]
[www.bizvelocity.biz/wordpress/wp-json/oembed/1.0/embedf601.json]
[www.bizvelocity.biz/wordpress/wp-content/plugins/LayerSlider/js/layerslider.transitions1c9b.js]
[www.bizvelocity.biz/wordpress/wp-json/oembed/1.0/embedc0d7]
[www.bizvelocity.biz/wordpress/solutions-en/feed/index.html]
[www.bizvelocity.biz/wordpress/wp-json/oembed/1.0/embedcaa1.json]
[www.bizvelocity.biz/wordpress/wp-json/oembed/1.0/embeded06]
[www.bizvelocity.biz/wordpress/home-en/js/expressinstall.201.delayed]
[www.bizvelocity.biz/wordpress/wp-content/uploads/wpcu3er/jquery.cu3erc721.js]
[www.bizvelocity.biz/wordpress/solutions-en/bizstandard-en/feed/index.html]
[www.bizvelocity.biz/wordpress/solutions-en/bizproduction-en/feed/index.html]
[www.bizvelocity.biz/wordpress/wp-content/plugins/cforms/styling/li-err-bg.png]
[www.bizvelocity.biz/wordpress/wp-json/oembed/1.0/embedc2e4.json]
[www.bizvelocity.biz/wordpress/wp-json/oembed/1.0/embed6566]
[www.bizvelocity.biz/wordpress/wp-content/plugins/cforms/styling/icon-alert.png]
[www.bizvelocity.biz/wordpress/wp-content/plugins/cforms/styling/captcha_reset_grey.gif]
[www.bizvelocity.biz/wordpress/wp-content/plugins/cforms/styling/cforms2012.css]
[www.bizvelocity.biz/wordpress/wp-json/oembed/1.0/embed3f20.json]
[www.bizvelocity.biz/wordpress/solutions-en/bizpos-en/feed/index.html]
[www.bizvelocity.biz/wordpress/wp-content/plugins/cforms/js/cforms.js]
[www.bizvelocity.biz/wordpress/wp-json/oembed/1.0/embed5ab2]
[www.bizvelocity.biz/wordpress/wp-json/oembed/1.0/embedd382]
[www.bizvelocity.biz/wordpress/wp-content/themes/Sterling/images/global/bg-hr-dotted.png]
[www.bizvelocity.biz/wordpress/solutions-en/bizservice-en/feed/index.html]
[www.bizvelocity.biz/wordpress/wp-json/oembed/1.0/embedbe08.json]
[www.bizvelocity.biz/wordpress/wp-content/themes/Sterling/images/global/bg-hr-dotted-double.png]
[www.bizvelocity.biz/wordpress/wp-content/themes/Sterling/images/global/bg-hr-solid-double.png]
[www.bizvelocity.biz/wordpress/solutions-en/bizquality-en/feed/index.html]
[www.bizvelocity.biz/wordpress/wp-json/oembed/1.0/embedace8]
[www.bizvelocity.biz/wordpress/wp-content/themes/Sterling/images/global/sprite.png]
[www.bizvelocity.biz/wordpress/wp-json/oembed/1.0/embed2a8a.json]
[www.bizvelocity.biz/wordpress/industry-en/feed/index.html]
[www.bizvelocity.biz/wordpress/wp-content/themes/Sterling/images/global/bg-ui-gradient.png]
[www.bizvelocity.biz/wordpress/wp-json/oembed/1.0/embed0848]
[www.bizvelocity.biz/wordpress/wp-content/themes/Sterling/images/global/arrow-small-down.png]
[www.bizvelocity.biz/wordpress/wp-content/themes/Sterling/images/global/arrow-small-right.png]
[www.bizvelocity.biz/wordpress/wp-json/oembed/1.0/embed42ee.json]
[www.bizvelocity.biz/wordpress/wp-content/themes/Sterling/images/shadows/shadow-1.png]
[www.bizvelocity.biz/wordpress/wp-json/oembed/1.0/embed6021]
[www.bizvelocity.biz/wordpress/industry-en/foods-beverage-en/feed/index.html]
[www.bizvelocity.biz/wordpress/wp-content/themes/Sterling/images/global/bg-ui-shadow-bottom.png]
[www.bizvelocity.biz/wordpress/wp-json/oembed/1.0/embed59a7]
[www.bizvelocity.biz/wordpress/wp-content/themes/Sterling/images/global/bg-top-aside-shadow.png]
[www.bizvelocity.biz/wordpress/wp-json/oembed/1.0/embedd481]
[www.bizvelocity.biz/wordpress/wp-content/themes/Sterling/images/global/img-frames.png]
[www.bizvelocity.biz/wordpress/industry-en/metal-processing-en/feed/index.html]
[www.bizvelocity.biz/wordpress/wp-json/oembed/1.0/embedabb5.json]
[www.bizvelocity.biz/wordpress/wp-content/themes/Sterling/images/global/image-sprite.png]
[www.bizvelocity.biz/wordpress/wp-content/themes/Sterling/images/global/bullet-type-1.png]
[www.bizvelocity.biz/wordpress/industry-en/construction-en/feed/index.html]
[www.bizvelocity.biz/wordpress/wp-json/oembed/1.0/embedfc54.json]
[www.bizvelocity.biz/wordpress/wp-json/oembed/1.0/embed93f5]
[www.bizvelocity.biz/wordpress/wp-content/themes/Sterling/images/global/bg-subnav-link-hover.png]
[www.bizvelocity.biz/wordpress/wp-content/themes/Sterling/images/global/bg-subnav-subnav.png]
[www.bizvelocity.biz/wordpress/industry-en/electronics-en/feed/index.html]
[www.bizvelocity.biz/wordpress/wp-json/oembed/1.0/embed98df]
[www.bizvelocity.biz/wordpress/wp-json/oembed/1.0/embedb538.json]
[www.bizvelocity.biz/wordpress/wp-content/themes/Sterling/images/global/arrow-right.png]
[www.bizvelocity.biz/wordpress/wp-content/themes/Sterling/images/global/bg-home-banner-hero.png]
[www.bizvelocity.biz/wordpress/industry-en/wholesale-retail-en/feed/index.html]
[www.bizvelocity.biz/wordpress/wp-content/themes/Sterling/images/global/bg-home-lightbox-link.png]
[www.bizvelocity.biz/wordpress/wp-content/themes/Sterling/images/global/bg-blog-comments.png]
[www.bizvelocity.biz/wordpress/testimonial-en/feed/index.html]
[www.bizvelocity.biz/wordpress/wp-json/oembed/1.0/embed6506.json]
[www.bizvelocity.biz/wordpress/wp-json/oembed/1.0/embed3dbe]
[www.bizvelocity.biz/wordpress/wp-content/themes/Sterling/images/global/icon-cancel-reply.png]
[www.bizvelocity.biz/wordpress/wp-json/oembed/1.0/embedf80a.json]
[www.bizvelocity.biz/wordpress/wp-json/oembed/1.0/embed65a5]
[www.bizvelocity.biz/wordpress/wp-content/themes/Sterling/images/global/bg-blog-comment-wrap.png]
[www.bizvelocity.biz/wordpress/wp-content/themes/Sterling/framework/extended/timthumb/timthumbbe2b.png]
[www.bizvelocity.biz/wordpress/wp-content/themes/Sterling/framework/extended/timthumb/timthumbbebf.png]
[www.bizvelocity.biz/wordpress/wp-content/themes/Sterling/images/global/arrow-up-2.21b.delayed]
[www.bizvelocity.biz/wordpress/wp-content/themes/Sterling/images/global/bg-gallery-wrap.png]
[www.bizvelocity.biz/wordpress/faq-en/feed/index.html]
[www.bizvelocity.biz/wordpress/wp-json/oembed/1.0/embeda424]
[www.bizvelocity.biz/wordpress/wp-json/oembed/1.0/embed776d.json]
[www.bizvelocity.biz/wordpress/wp-content/themes/Sterling/images/global/lightbox-zoom.png]
[www.bizvelocity.biz/wordpress/wp-content/themes/Sterling/images/global/lightbox-linked.png]
[www.bizvelocity.biz/wordpress/wp-content/themes/Sterling/images/global/bg-page-not-found.png]
[www.bizvelocity.biz/wordpress/wp-content/themes/Sterling/images/global/bg-faq-answers.png]
[www.bizvelocity.biz/wordpress/wp-json/oembed/1.0/embed661f.json]
[www.bizvelocity.biz/wordpress/wp-json/oembed/1.0/embed6bb3]
[www.bizvelocity.biz/wordpress/contact-us-en/feed/index.html]
[www.bizvelocity.biz/wordpress/wp-content/themes/Sterling/images/global/bg-divider-basic.png]
[www.bizvelocity.biz/wordpress/contact-us-th/feed/index.html]
[www.bizvelocity.biz/wordpress/wp-json/oembed/1.0/embed2b7c.json]
[www.bizvelocity.biz/wordpress/wp-json/oembed/1.0/embed3624]
[www.bizvelocity.biz/wordpress/wp-content/themes/Sterling/images/global/bg-faq-numbers.png]
[www.bizvelocity.biz/wordpress/wp-json/oembed/1.0/embed4641]
[www.bizvelocity.biz/wordpress/wp-json/oembed/1.0/embede7d8.json]
[www.bizvelocity.biz/wordpress/wp-content/themes/Sterling/images/global/bullet-type-1-footer.png]
[www.bizvelocity.biz/wordpress/wp-json/oembed/1.0/embed242e.json]
[www.bizvelocity.biz/wordpress/wp-json/oembed/1.0/embede874]
[www.bizvelocity.biz/wordpress/wp-content/themes/Sterling/images/shortcodes/tabs-type2-BG.png]
[www.bizvelocity.biz/wordpress/wp-content/themes/Sterling/images/global/bg-submit-button.png]
[www.bizvelocity.biz/wordpress/solutions-th/feed/index.html]
[www.bizvelocity.biz/wordpress/wp-json/oembed/1.0/embed441c.json]
[www.bizvelocity.biz/wordpress/wp-content/themes/Sterling/images/global/bg-input-gradient.gif]
[www.bizvelocity.biz/wordpress/wp-json/oembed/1.0/embed1b43]
[www.bizvelocity.biz/wordpress/wp-content/themes/Sterling/images/global/bg_text_field_3.227.delayed]
[www.bizvelocity.biz/wordpress/solutions-th/bizstandard-th/feed/index.html]
[www.bizvelocity.biz/wordpress/wp-content/themes/Sterling/images/global/main_button_bg_2.228.delayed]
[www.bizvelocity.biz/wordpress/solutions-th/bizpos-th/feed/index.html]
[www.bizvelocity.biz/wordpress/wp-json/oembed/1.0/embed979f]
[www.bizvelocity.biz/wordpress/wp-json/oembed/1.0/embeddbda.json]
[www.bizvelocity.biz/wordpress/wp-content/themes/Sterling/images/prettyPhoto/default/sprite.png]
[www.bizvelocity.biz/wordpress/wp-content/themes/Sterling/images/prettyPhoto/default/sprite_x.png]
[www.bizvelocity.biz/wordpress/wp-json/oembed/1.0/embed0194]
[www.bizvelocity.biz/wordpress/wp-json/oembed/1.0/embed1e61.json]
[www.bizvelocity.biz/wordpress/wp-content/themes/Sterling/images/prettyPhoto/default/sprite_y.png]
[www.bizvelocity.biz/wordpress/solutions-th/bizquality-th/feed/index.html]
[www.bizvelocity.biz/wordpress/solutions-th/bizproduction-th/feed/index.html]
[www.bizvelocity.biz/wordpress/wp-json/oembed/1.0/embed2dce]
[www.bizvelocity.biz/wordpress/wp-content/themes/Sterling/images/prettyPhoto/default/sprite_next.png]
[www.bizvelocity.biz/wordpress/solutions-th/bizservice-th/feed/index.html]
[www.bizvelocity.biz/wordpress/wp-json/oembed/1.0/embedded0]
[www.bizvelocity.biz/wordpress/wp-json/oembed/1.0/embed3118.json]
[www.bizvelocity.biz/wordpress/wp-content/themes/Sterling/images/prettyPhoto/default/sprite_prev.png]
[www.bizvelocity.biz/wordpress/wp-content/themes/Sterling/images/prettyPhoto/default/default_thumb.png]
[www.bizvelocity.biz/wordpress/wp-json/oembed/1.0/embed1028.json]
[www.bizvelocity.biz/wordpress/wp-content/themes/Sterling/images/prettyPhoto/default/loader.gif]
[www.bizvelocity.biz/wordpress/wp-json/oembed/1.0/embedc2ec]
[www.bizvelocity.biz/wordpress/industry-th/feed/index.html]
[www.bizvelocity.biz/wordpress/wp-json/oembed/1.0/embed2ba9.json]
[www.bizvelocity.biz/wordpress/wp-json/oembed/1.0/embed9ff9]
[www.bizvelocity.biz/wordpress/wp-content/themes/images/prettyPhoto/facebook/default_thumbnail.230.delayed]
[www.bizvelocity.biz/wordpress/industry-th/foods-beverage-th/feed/index.html]
[www.bizvelocity.biz/wordpress/wp-json/oembed/1.0/embed6c74.json]
[www.bizvelocity.biz/wordpress/wp-json/oembed/1.0/embed4bd2]
[www.bizvelocity.biz/wordpress/industry-th/metal-processing-th/feed/index.html]
[www.bizvelocity.biz/wordpress/wp-json/oembed/1.0/embedb95a]
[www.bizvelocity.biz/wordpress/wp-content/themes/images/prettyPhoto/light_rounded/btnNext.231.delayed]
[www.bizvelocity.biz/wordpress/wp-json/oembed/1.0/embed48e5.json]
[www.bizvelocity.biz/wordpress/industry-th/electronics-th/feed/index.html]
[www.bizvelocity.biz/wordpress/wp-json/oembed/1.0/embed8847.json]
[www.bizvelocity.biz/wordpress/wp-content/themes/Sterling/images/global/bg-seperator.png]
[www.bizvelocity.biz/wordpress/industry-th/construction-th/feed/index.html]
[www.bizvelocity.biz/wordpress/wp-json/oembed/1.0/embedd2f1]
[www.bizvelocity.biz/wordpress/wp-content/themes/Sterling/images/internetExplorer/tt-dropcap-sprite.png]
[www.bizvelocity.biz/wordpress/industry-th/wholesale-retail-th/feed/index.html]
[www.bizvelocity.biz/wordpress/wp-json/oembed/1.0/embed82ac]
[www.bizvelocity.biz/wordpress/wp-json/oembed/1.0/embedd973.json]
[www.bizvelocity.biz/wordpress/wp-content/themes/Sterling/images/internetExplorer/bg-banner-search.png]
[www.bizvelocity.biz/wordpress/wp-json/oembed/1.0/embed9baa.json]
[www.bizvelocity.biz/wordpress/wp-content/themes/Sterling/images/internetExplorer/bg-footer-copyright.png]
[www.bizvelocity.biz/wordpress/wp-content/themes/Sterling/style.css]
[www.bizvelocity.biz/wordpress/industry-th/livestock-th/feed/index.html]
[www.bizvelocity.biz/wordpress/wp-json/oembed/1.0/embed7569.json]
[www.bizvelocity.biz/wordpress/wp-json/oembed/1.0/embedb75d]
[www.bizvelocity.biz/wordpress/wp-content/themes/Sterling/images/skins/bg-banner-blue.png]
[www.bizvelocity.biz/wordpress/wp-json/oembed/1.0/embedeb29]
[www.bizvelocity.biz/wordpress/wp-content/themes/Sterling/images/skins/submenu-active-blue.png]
[www.bizvelocity.biz/wordpress/testimonials-th/feed/index.html]
[www.bizvelocity.biz/wordpress/wp-content/themes/Sterling/css/primary-blue.css]
[www.bizvelocity.biz/wordpress/wp-json/oembed/1.0/embed4d99.json]
[www.bizvelocity.biz/wordpress/wp-json/oembed/1.0/embed13f4]
[www.bizvelocity.biz/wordpress/faq-th/feed/index.html]
[www.bizvelocity.biz/wordpress/wp-content/themes/Sterling/css/_mobile.css]
[www.bizvelocity.biz/wordpress/wp-json/oembed/1.0/embedc6b8]
[www.bizvelocity.biz/wordpress/wp-content/uploads/16013936-textile-factory-worker-and-quality-controller-checking-quality.jpg]
[www.bizvelocity.biz/wordpress/bizuniversity-th/feed/index.html]
[www.bizvelocity.biz/wordpress/wp-json/oembed/1.0/embed7afa]
[www.bizvelocity.biz/wordpress/wp-json/oembed/1.0/embed1ecb.json]
[www.bizvelocity.biz/wordpress/wp-json/oembed/1.0/embed3ebf.json]
[0.gravatar.com/avatar/05ffec1d72cc01ff029a0db6b9eb5ccb5b55.png]
[www.bizvelocity.biz/wordpress/solutions-en/index.html]
[www.bizvelocity.biz/wordpress/wp-json/oembed/1.0/embed7be5]
[www.bizvelocity.biz/wordpress/wp-json/oembed/1.0/embed82f9]
[www.bizvelocity.biz/wordpress/wp-json/oembed/1.0/embeddb10.json]
[www.bizvelocity.biz/wordpress/wp-json/oembed/1.0/embed0967.json]
[www.bizvelocity.biz/wordpress/wp-json/oembed/1.0/embed97fe]
[www.bizvelocity.biz/wordpress/solutions-zh/feed/index.html]
[www.bizvelocity.biz/wordpress/wp-json/oembed/1.0/embedcb82.json]
[www.bizvelocity.biz/wordpress/wp-json/oembed/1.0/embed1216]
[www.bizvelocity.biz/wordpress/solutions-zh/bizstandard-zh/feed/index.html]
[www.bizvelocity.biz/wordpress/contact-us-th/index.html]
[www.bizvelocity.biz/wordpress/wp-json/oembed/1.0/embed9ee5.json]
[www.bizvelocity.biz/wordpress/wp-json/oembed/1.0/embed45e7]
[www.bizvelocity.biz/wordpress/solutions-zh/bizproduction-zh/feed/index.html]
[www.bizvelocity.biz/wordpress/wp-json/oembed/1.0/embed0be4.json]
[www.bizvelocity.biz/wordpress/wp-json/oembed/1.0/embede112]
[www.bizvelocity.biz/wordpress/solutions-zh/bizservice-zh/feed/index.html]
[www.bizvelocity.biz/wordpress/wp-json/oembed/1.0/embedfe4c.json]
[www.bizvelocity.biz/wordpress/in-house-training-201902/index.html]
[www.bizvelocity.biz/wordpress/wp-json/oembed/1.0/embedaae0]
[www.bizvelocity.biz/wordpress/wp-content/uploads/นิวแสงชัย.html]
[www.bizvelocity.biz/wordpress/solutions-zh/bizquality-zh/feed/index.html]
[www.bizvelocity.biz/wordpress/wp-content/uploads/เนสโค.html]
[www.bizvelocity.biz/wordpress/wp-json/oembed/1.0/embedb90e.json]
[www.bizvelocity.biz/wordpress/wp-json/oembed/1.0/embedb1bf]
[www.bizvelocity.biz/wordpress/solutions-zh/bizpos-zh/feed/index.html]
[www.bizvelocity.biz/wordpress/wp-json/oembed/1.0/embed0ef5]
[www.bizvelocity.biz/wordpress/wp-json/oembed/1.0/embedc6e0.json]
[www.bizvelocity.biz/wordpress/home-en/GET.23e.delayed]
[www.bizvelocity.biz/wordpress/industry-zh/feed/index.html]
[www.bizvelocity.biz/wordpress/wp-json/oembed/1.0/embedd7e3.json]
[www.bizvelocity.biz/wordpress/wp-json/oembed/1.0/embeda05a]
[www.bizvelocity.biz/wordpress/industry-zh/foods-beverage-zh/feed/index.html]
[www.bizvelocity.biz/wordpress/wp-json/oembed/1.0/embedff7c.json]
[www.bizvelocity.biz/restserver.23f.delayed]
[connect.facebook.net/th_TH/sdk/xfbml.customerchat.js]
[www.bizvelocity.biz/wordpress/wp-json/oembed/1.0/embedf515]
[www.bizvelocity.biz/wordpress/industry-zh/metal-processing-zh/feed/index.html]
[www.bizvelocity.biz/wordpress/wp-content/themes/Sterling/framework/js/slides.min.jqueryc721.js]
[www.bizvelocity.biz/wordpress/industry-zh/electronics-zh/feed/index.html]
[www.bizvelocity.biz/wordpress/wp-includes/js/comment-replyc721.js]
[www.bizvelocity.biz/wordpress/wp-json/oembed/1.0/embed6d93]
[www.bizvelocity.biz/wordpress/wp-content/themes/Sterling/framework/js/custom-mainc721.js]
[www.bizvelocity.biz/wordpress/industry-zh/construction-zh/feed/index.html]
[www.bizvelocity.biz/wordpress/wp-content/themes/Sterling/framework/js/jquery.prettyPhotoc721.js]
[www.bizvelocity.biz/wordpress/wp-json/oembed/1.0/embed37ba.json]
[www.bizvelocity.biz/wordpress/wp-content/themes/Sterling/framework/js/jquery.superfishc721.js]
[www.bizvelocity.biz/wordpress/wp-json/oembed/1.0/embedeed5]
[www.bizvelocity.biz/wordpress/wp-content/themes/Sterling/framework/js/jquery.cycle.all.minc721.js]
[www.bizvelocity.biz/wordpress/industry-zh/wholesale-retail-zh/feed/index.html]
[www.bizvelocity.biz/wordpress/wp-content/themes/Sterling/framework/js/jquery.easing.1.3c721.js]
[www.bizvelocity.biz/wordpress/wp-json/oembed/1.0/embed7d2b.json]
[www.bizvelocity.biz/wordpress/wp-content/themes/Sterling/framework/js/jquery.isotopec721.js]
[www.bizvelocity.biz/wordpress/wp-json/oembed/1.0/embeda36d]
[www.bizvelocity.biz/wordpress/wp-content/plugins/bbpress/templates/default/js/editor01c4.js]
[www.bizvelocity.biz/wordpress/wp-json/oembed/1.0/embed9800]
[www.bizvelocity.biz/wordpress/wp-content/plugins/wp-modal-login/js/wp-modal-login.min1717.js]
[www.bizvelocity.biz/wordpress/wp-json/oembed/1.0/embedb174.json]
[www.bizvelocity.biz/wordpress/testimonials-zh/feed/index.html]
[www.bizvelocity.biz/wordpress/wp-includes/js/wp-embed.minc721.js]
[www.bizvelocity.biz/wordpress/faq-zh/feed/index.html]
[www.bizvelocity.biz/wordpress/wp-json/oembed/1.0/embedbbbc.json]
[www.bizvelocity.biz/wordpress/wp-json/oembed/1.0/embedc02d]
[www.bizvelocity.biz/wordpress/contact-us-zh/feed/index.html]
[www.bizvelocity.biz/wordpress/wp-json/oembed/1.0/embedd158.json]
[www.bizvelocity.biz/wordpress/wp-json/oembed/1.0/embedbf74]
[www.bizvelocity.biz/wordpress/wp-json/oembed/1.0/embedf217.json]
[www.bizvelocity.biz/wordpress/industry-th/estate-th/feed/index.html]
[www.bizvelocity.biz/wordpress/solutions-th/index.html]
[www.bizvelocity.biz/wordpress/wp-json/oembed/1.0/embed1eaf]
[www.bizvelocity.biz/wordpress/en/author/admin/feed/index.html]
[www.bizvelocity.biz/wordpress/category/uncategorized-en/feed/index.html]
[www.bizvelocity.biz/wordpress/wp-json/oembed/1.0/embed40f9.json]
[www.bizvelocity.biz/wordpress/category/product-en/feed/index.html]
[www.bizvelocity.biz/wordpress/wp-json/oembed/1.0/embed1c2a]
[www.bizvelocity.biz/wordpress/solutions-zh/index.html]
[www.bizvelocity.biz/wordpress/wp-json/oembed/1.0/embedaf1f.json]
[www.bizvelocity.biz/wordpress/wp-json/oembed/1.0/embed6a07]
[www.bizvelocity.biz/wordpress/wp-json/oembed/1.0/embed8471.json]
[www.bizvelocity.biz/wordpress/index5355.html]
[www.bizvelocity.biz/wordpress/wp-json/oembed/1.0/embedcbdf]
[www.bizvelocity.biz/wordpress/wp-json/oembed/1.0/embedddd4.json]
[www.bizvelocity.biz/wordpress/index1639.html]
[www.bizvelocity.biz/wordpress/wp-json/oembed/1.0/embed7b60]
[www.bizvelocity.biz/wordpress/wp-json/oembed/1.0/embed69c7.json]
[www.bizvelocity.biz/wordpress/index5294.html]
[www.bizvelocity.biz/wordpress/wp-json/oembed/1.0/embed77b2]
[www.bizvelocity.biz/wordpress/industry-zh/livestock-zh/feed/index.html]
[www.bizvelocity.biz/wordpress/wp-json/oembed/1.0/embed40cf.json]
[www.bizvelocity.biz/wordpress/index221f.html]
[www.bizvelocity.biz/wordpress/wp-json/oembed/1.0/embed5905]
[www.bizvelocity.biz/wordpress/th/author/admin/feed/index.html]
[www.bizvelocity.biz/wordpress/indexf6a9.html]
[www.bizvelocity.biz/wordpress/category/uncategorized-th/feed/index.html]
[www.bizvelocity.biz/wordpress/wp-json/oembed/1.0/embedf9cd.json]
[www.bizvelocity.biz/wordpress/wp-json/oembed/1.0/embed4521]
[www.bizvelocity.biz/wordpress/index80a3.html]
[www.bizvelocity.biz/wordpress/wp-json/oembed/1.0/embed578f.json]
[www.bizvelocity.biz/wordpress/wp-json/oembed/1.0/embed623a]
[www.bizvelocity.biz/wordpress/category/company-news-th/feed/index.html]
[www.bizvelocity.biz/wordpress/index2915.html]
[www.bizvelocity.biz/wordpress/wp-json/oembed/1.0/embed38f2.json]
[www.bizvelocity.biz/wordpress/wp-json/oembed/1.0/embed1101]
[www.bizvelocity.biz/wordpress/wp-json/oembed/1.0/embed1c7c.json]
[www.bizvelocity.biz/wordpress/category/product-th/feed/index.html]
[www.bizvelocity.biz/wordpress/wp-json/oembed/1.0/embed952b]
[www.bizvelocity.biz/wordpress/wp-json/oembed/1.0/embed047a.json]
[www.bizvelocity.biz/wordpress/wp-json/oembed/1.0/embed3486]
[www.bizvelocity.biz/wordpress/category/upcoming-events-th/feed/index.html]
[www.bizvelocity.biz/wordpress/industry-th/estate-th/index.html]
[www.bizvelocity.biz/wordpress/wp-json/oembed/1.0/embedafed.json]
[www.bizvelocity.biz/wordpress/wp-json/oembed/1.0/embedbfc2]
[www.bizvelocity.biz/wordpress/wp-json/oembed/1.0/embed48c8.json]
[www.bizvelocity.biz/wordpress/index4efb.html]
[www.bizvelocity.biz/wordpress/wp-json/oembed/1.0/embede004]
[www.bizvelocity.biz/wordpress/th/forums/feed/index.html]
[0.gravatar.com/avatar/05ffec1d72cc01ff029a0db6b9eb5ccbbf56.png]
[www.bizvelocity.biz/wordpress/index5604.html]
[0.gravatar.com/avatar/05ffec1d72cc01ff029a0db6b9eb5ccb8a63.png]
[www.bizvelocity.biz/wordpress/indexbdfa.html]
[www.bizvelocity.biz/wordpress/wp-json/oembed/1.0/embed23c8]
[www.bizvelocity.biz/wordpress/wp-json/oembed/1.0/embedba0d.json]
[www.bizvelocity.biz/wordpress/wp-json/oembed/1.0/embeda176]
[www.bizvelocity.biz/wordpress/index2202.html]
[www.bizvelocity.biz/wordpress/wp-json/oembed/1.0/embed2a27]
[www.bizvelocity.biz/wordpress/wp-json/oembed/1.0/embedba13.json]
[www.bizvelocity.biz/wordpress/th/author/jaruwan-b/feed/index.html]
[www.bizvelocity.biz/wordpress/index8a7d.html]
[www.bizvelocity.biz/wordpress/wp-json/oembed/1.0/embedf99b.json]
[www.bizvelocity.biz/wordpress/index01a6.html]
[www.bizvelocity.biz/wordpress/wp-json/oembed/1.0/embed69cc]
[www.bizvelocity.biz/wordpress/wp-json/oembed/1.0/embed5ec6.json]
[www.bizvelocity.biz/wordpress/wp-json/oembed/1.0/embedadc7]
[www.bizvelocity.biz/wordpress/wp-content/uploads/index.html]
[www.bizvelocity.biz/wordpress/wp-json/oembed/1.0/embedefd3.json]
[www.bizvelocity.biz/wordpress/index1c75.html]
[www.bizvelocity.biz/wordpress/wp-json/oembed/1.0/embed2172]
[www.bizvelocity.biz/wordpress/bizuniversity-th/bizuniversity-intro-th/feed/index.html]
[www.bizvelocity.biz/wordpress/wp-content/themes/Sterling/framework/js/jquery.scrollTo-minc721.js]
[www.bizvelocity.biz/wordpress/wp-json/oembed/1.0/embed76e4]
[www.bizvelocity.biz/wordpress/wp-content/themes/Sterling/framework/js/jquery.highlightFadec721.js]
[www.bizvelocity.biz/wordpress/wp-json/oembed/1.0/embed5e65.json]
[www.bizvelocity.biz/wordpress/wp-content/themes/Sterling/framework/js/custom-faqc721.js]
[www.bizvelocity.biz/wordpress/bizuniversity-th/bizuniversity-setup-th/feed/index.html]
[www.bizvelocity.biz/wordpress/wp-json/oembed/1.0/embeddd46.json]
[www.bizvelocity.biz/wordpress/wp-json/oembed/1.0/embedebd0]
[www.bizvelocity.biz/wordpress/bizuniversity-th/bizuniversity-procurement-th/feed/index.html]
[www.bizvelocity.biz/wordpress/wp-json/oembed/1.0/embed67e9.json]
[www.bizvelocity.biz/wordpress/wp-json/oembed/1.0/embed2cfe]
[www.bizvelocity.biz/wordpress/category/uncategorized-en/index.html]
[www.bizvelocity.biz/wordpress/bizuniversity-th/bizuniversity-sales-th/feed/index.html]
[www.bizvelocity.biz/wordpress/wp-json/oembed/1.0/embed04a9.json]
[www.bizvelocity.biz/wordpress/wp-json/oembed/1.0/embed60d3]
[www.bizvelocity.biz/wordpress/bizuniversity-th/bizuniversity-production-th/feed/index.html]
[www.bizvelocity.biz/wordpress/wp-json/oembed/1.0/embed3763]
[www.bizvelocity.biz/wordpress/wp-json/oembed/1.0/embedd106.json]
[www.bizvelocity.biz/wordpress/bizuniversity-th/bizuniversity-ethanol-th/feed/index.html]
[www.bizvelocity.biz/wordpress/forums/forum/support/feed/index.html]
[www.bizvelocity.biz/wordpress/bizpos-en/index.html]
[www.bizvelocity.biz/wordpress/wp-json/oembed/1.0/embed54e7.json]
[www.bizvelocity.biz/wordpress/wp-json/oembed/1.0/embed55cf]
[www.bizvelocity.biz/wordpress/wp-json/oembed/1.0/embedc04b.json]
[www.bizvelocity.biz/wordpress/wp-content/plugins/wp-modal-login/fonts/iconicd41d.eot]
[www.bizvelocity.biz/wordpress/wp-content/plugins/wp-modal-login/fonts/iconic.eot]
[www.bizvelocity.biz/wordpress/index10e9.html]
[www.bizvelocity.biz/wordpress/wp-content/plugins/wp-modal-login/fonts/iconic.woff]
[www.bizvelocity.biz/wordpress/wp-json/oembed/1.0/embedb245]
[www.bizvelocity.biz/wordpress/home-en/6e/index.html]
[www.bizvelocity.biz/wordpress/home-en/8N/index.html]
[www.bizvelocity.biz/6s/c9/index.html]
[www.bizvelocity.biz/wordpress/index905b.html]
[www.bizvelocity.biz/wordpress/index9a43.html]
[www.bizvelocity.biz/wordpress/home-en/7m+/index.html]
[www.bizvelocity.biz/wordpress/indexaff3.html]
[www.bizvelocity.biz/wordpress/home-en/^([^_/indexd41d.html]
[www.bizvelocity.biz/wordpress/โครงการ-total-solutions-สำหรับ-smes-โดยกรม/index.html]
[www.bizvelocity.biz/wordpress/home-en/ABCDEFGHIJKLMNOPQRSTUVWXYZabcdefghijklmnopqrstuvwxyz0123456789+/index.html]
[www.bizvelocity.biz/wordpress/home-en/dialog/index.html]
[www.bizvelocity.biz/wordpress/home-en/youtu.be/index.html]
[www.bizvelocity.biz/wordpress/index5a6a.html]
[www.bizvelocity.biz/wordpress/solution-th/bizstandard-th/index.html]
[www.bizvelocity.biz/wordpress/index5c36.html]
[www.bizvelocity.biz/wordpress/indexe2dc.html]
[www.bizvelocity.biz/wordpress/index7665.html]
[www.bizvelocity.biz/wordpress/index3cee.html]
[www.bizvelocity.biz/wordpress/index5034.html]
[www.bizvelocity.biz/wordpress/indexbbc7.html]
[www.bizvelocity.biz/wordpress/indexb773.html]
[www.bizvelocity.biz/wordpress/index0b1f.html]
[www.bizvelocity.biz/wordpress/indexa943.html]
[www.bizvelocity.biz/wordpress/index6543.html]
[www.bizvelocity.biz/wordpress/index90dd.html]
[www.bizvelocity.biz/wordpress/indexa3af.html]
[www.bizvelocity.biz/wordpress/industry-zh/livestock-zh/index.html]
[www.bizvelocity.biz/wordpress/indexb39e.html]
[www.bizvelocity.biz/wordpress/index2bee.html]
[www.bizvelocity.biz/wordpress/th/author/admin/index.html]
[www.bizvelocity.biz/wordpress/category/uncategorized-th/index.html]
[www.bizvelocity.biz/wordpress/procurement-th/index.html]
[www.bizvelocity.biz/wordpress/salessupport2-th/index.html]
[www.bizvelocity.biz/wordpress/category/company-news-th/index.html]
[www.bizvelocity.biz/wordpress/category/product-th/index.html]
[www.bizvelocity.biz/wordpress/category/upcoming-events-th/index.html]
[www.bizvelocity.biz/wordpress/โมดูล-bizproduction-เพื่อธุรกิจการผ-2/index.html]
[www.bizvelocity.biz/wordpress/index07c0.html]
[www.bizvelocity.biz/wordpress/bizuniversity-intro-th/index.html]
[www.bizvelocity.biz/wordpress/th/forums/index.html]
[www.bizvelocity.biz/wordpress/forums/topic/your-feedback-th/index.html]
[www.bizvelocity.biz/wordpress/index80c5.html]
[www.bizvelocity.biz/wordpress/index762b.html]
[www.bizvelocity.biz/wordpress/index72ff.html]
[www.bizvelocity.biz/wordpress/index45eb.html]
[www.bizvelocity.biz/wordpress/index952b.html]
[www.bizvelocity.biz/wordpress/index20fc.html]
[www.bizvelocity.biz/wordpress/index1b9e.html]
[www.bizvelocity.biz/wordpress/indexe7a1.html]
[www.bizvelocity.biz/wordpress/index6ca8.html]
[www.bizvelocity.biz/wordpress/solution-th/bizstandard-zh/index.html]
[www.bizvelocity.biz/wordpress/indexc1a5.html]
[www.bizvelocity.biz/wordpress/index5d1c.html]
[www.bizvelocity.biz/wordpress/indexff4d.html]
[www.bizvelocity.biz/wordpress/indexd614.html]
[www.bizvelocity.biz/wordpress/index6dac.html]
[www.bizvelocity.biz/wordpress/index3dfd.html]
[www.bizvelocity.biz/wordpress/index3dd6.html]
[www.bizvelocity.biz/wordpress/index4ea9.html]
[www.bizvelocity.biz/wordpress/index6529.html]
[www.bizvelocity.biz/wordpress/indexa803.html]
[www.bizvelocity.biz/wordpress/index7ae2.html]
[www.bizvelocity.biz/wordpress/index0aa2.html]
[www.bizvelocity.biz/wordpress/โมดูล-bizstandard-เพื่อธุรกิจซื้อ/index.html]
[www.bizvelocity.biz/wordpress/indexc8ec.html]
[www.bizvelocity.biz/wordpress/th/author/admin/page/2/index.html]
[www.bizvelocity.biz/wordpress/index324d.html]
[www.bizvelocity.biz/wordpress/indexc1cc.html]
[www.bizvelocity.biz/wordpress/เยี่ยมชม-บริษัท-เฉินโฟรเ/index.html]
[www.bizvelocity.biz/wordpress/เยี่ยมชม-บริษัท-ยูเนียน/index.html]
[www.bizvelocity.biz/wordpress/indexf81a.html]
[www.bizvelocity.biz/wordpress/indexb02b.html]
[www.bizvelocity.biz/wordpress/16013936-textile-factory-worker-and-quality-controller-checking-quality/index.html]
[www.bizvelocity.biz/wordpress/index354f.html]
[www.bizvelocity.biz/wordpress/img_26491-2/index.html]
[www.bizvelocity.biz/wordpress/index3e24.html]
[www.bizvelocity.biz/wordpress/index039c.html]
[www.bizvelocity.biz/wordpress/bizuniversity-th/bizuniversity-intro-th/index.html]
[www.bizvelocity.biz/wordpress/forums/forum/support/index.html]
[www.bizvelocity.biz/wordpress/forums/users/admin/topics/index.html]
[www.bizvelocity.biz/wordpress/wp-content/plugins/bbpress/templates/default/js/topic01c4.js]
[www.bizvelocity.biz/wordpress/wp-content/plugins/cforms/cforms-captchaf0d3.html]
[www.bizvelocity.biz/wordpress/index42f5.html]
[www.bizvelocity.biz/wordpress/feed/indexbf25.html]
[www.bizvelocity.biz/wordpress/wp-login2dfc.html]
[www.bizvelocity.biz/wordpress/wp-logind3e6.html]
[www.bizvelocity.biz/wordpress/indexc90c.html]
[www.bizvelocity.biz/wordpress/index038b.html]
[www.bizvelocity.biz/wordpress/index6476.html]
[www.bizvelocity.biz/wordpress/index1f1e.html]
[www.bizvelocity.biz/wordpress/index096f.html]
[www.bizvelocity.biz/wordpress/indexef85.html]
[www.bizvelocity.biz/wordpress/index34eb.html]
[www.bizvelocity.biz/wordpress/wp-content/plugins/cforms/cforms-captchaf062.html]
[www.bizvelocity.biz/wordpress/wp-includes/fonts/dashicons.eot]
[www.bizvelocity.biz/wordpress/wp-includes/css/dashicons.minc721.css]
[www.bizvelocity.biz/wordpress/wp-includes/css/buttons.minc721.css]
[www.bizvelocity.biz/wordpress/wp-admin/images/loading.gif]
[www.bizvelocity.biz/wordpress/wp-admin/css/forms.minc721.css]
[www.bizvelocity.biz/wordpress/wp-admin/css/l10n.minc721.css]
[www.bizvelocity.biz/wordpress/wp-admin/images/w-logo-blue7a53.png]
[www.bizvelocity.biz/wordpress/wp-admin/css/login.minc721.css]
[www.bizvelocity.biz/wordpress/wp-loginc2b6.html]
[www.bizvelocity.biz/wordpress/wp-content/plugins/wp-modal-login/fonts/iconic.svg]
[www.bizvelocity.biz/wordpress/home-en/8N/index.html]
[www.bizvelocity.biz/wordpress/home-en/6e/index.html]
[www.bizvelocity.biz/6s/c9/index.html]
[www.bizvelocity.biz/wordpress/home-en/js/expressinstall.html]
[www.bizvelocity.biz/wordpress/wp-content/plugins/cforms/styling/images/ui-bg_flat_75_ffffff_40x100.png]
[www.bizvelocity.biz/wordpress/wp-content/plugins/cforms/styling/images/ui-bg_highlight-soft_75_cccccc_1x100.png]
[www.bizvelocity.biz/wordpress/wp-content/plugins/cforms/styling/images/ui-bg_glass_75_e6e6e6_1x400.png]
[www.bizvelocity.biz/wordpress/wp-content/plugins/cforms/styling/images/ui-bg_glass_85_dadada_1x400.png]
[www.bizvelocity.biz/wordpress/wp-content/plugins/cforms/styling/images/ui-bg_glass_100_a9cbe0_1x400.png]
[www.bizvelocity.biz/wordpress/wp-content/plugins/cforms/styling/images/ui-bg_glass_55_fbf9ee_1x400.png]
[www.bizvelocity.biz/wordpress/wp-content/plugins/cforms/styling/images/ui-bg_inset-soft_95_fef1ec_1x100.png]
[www.bizvelocity.biz/wordpress/wp-content/plugins/cforms/styling/images/ui-icons_222222_256x240.png]
[www.bizvelocity.biz/wordpress/wp-content/plugins/cforms/styling/images/ui-icons_8396a5_256x240.png]
[www.bizvelocity.biz/wordpress/wp-content/plugins/cforms/styling/images/ui-icons_888888_256x240.png]
[www.bizvelocity.biz/wordpress/wp-content/plugins/cforms/styling/images/ui-icons_565252_256x240.png]
[www.bizvelocity.biz/wordpress/wp-content/plugins/cforms/styling/images/ui-icons_454545_256x240.png]
[www.bizvelocity.biz/wordpress/wp-content/plugins/cforms/styling/images/ui-icons_2e83ff_256x240.png]
[www.bizvelocity.biz/wordpress/wp-content/plugins/cforms/styling/images/ui-icons_cd0a0a_256x240.png]
[www.bizvelocity.biz/wordpress/wp-content/plugins/cforms/styling/images/ui-bg_flat_0_aaaaaa_40x100.png]
[www.bizvelocity.biz/wordpress/wp-content/plugins/cforms/styling/calendar.css]
[www.bizvelocity.biz/wordpress/home-en/7m+/index.html]
[www.bizvelocity.biz/wordpress/wp-content/themes/Sterling/images/global/arrow-up-2.html]
[www.bizvelocity.biz/wordpress/wp-content/themes/Sterling/images/global/bg_text_field_3.html]
[www.bizvelocity.biz/wordpress/wp-content/themes/Sterling/images/global/main_button_bg_2.html]
[www.bizvelocity.biz/wordpress/wp-content/themes/images/prettyPhoto/facebook/default_thumbnail.html]
[www.bizvelocity.biz/wordpress/wp-content/themes/images/prettyPhoto/light_rounded/btnNext.html]
[www.bizvelocity.biz/wordpress/home-en/ABCDEFGHIJKLMNOPQRSTUVWXYZabcdefghijklmnopqrstuvwxyz0123456789+/index.html]
[www.bizvelocity.biz/wordpress/home-en/^([^_/indexd41d.html]
[www.bizvelocity.biz/wordpress/home-en/GET.html]
[www.bizvelocity.biz/restserver.html]
[www.bizvelocity.biz/wordpress/home-en/dialog/index.html]
[www.bizvelocity.biz/wordpress/home-en/youtu.be/index.html]
[www.bizvelocity.biz/wordpress/wp-admin/images/wordpress-logo7d6b.svg]
[www.bizvelocity.biz/wordpress/wp-content/plugins/cforms/cforms-captchaf0d3.html]
[www.bizvelocity.biz/wordpress/wp-content/plugins/cforms/cforms-captchaf062.html]
